static-and-tests (3.12)	Set up job	﻿2026-06-30T01:11:10.9908555Z Current runner version: '2.335.1'
static-and-tests (3.12)	Set up job	2026-06-30T01:11:10.9943108Z ##[group]Runner Image Provisioner
static-and-tests (3.12)	Set up job	2026-06-30T01:11:10.9944346Z Hosted Compute Agent
static-and-tests (3.12)	Set up job	2026-06-30T01:11:10.9944989Z Version: 20260611.554
static-and-tests (3.12)	Set up job	2026-06-30T01:11:10.9945766Z Commit: 5e0782fdc9014723d3be820dd114dd31555c2bd1
static-and-tests (3.12)	Set up job	2026-06-30T01:11:10.9946598Z Build Date: 2026-06-11T21:40:46Z
static-and-tests (3.12)	Set up job	2026-06-30T01:11:10.9947293Z Worker ID: {3a81b097-52aa-4730-878f-170f2e9b41c8}
static-and-tests (3.12)	Set up job	2026-06-30T01:11:10.9948109Z Azure Region: northcentralus
static-and-tests (3.12)	Set up job	2026-06-30T01:11:10.9948757Z ##[endgroup]
static-and-tests (3.12)	Set up job	2026-06-30T01:11:10.9950233Z ##[group]Operating System
static-and-tests (3.12)	Set up job	2026-06-30T01:11:10.9950948Z Ubuntu
static-and-tests (3.12)	Set up job	2026-06-30T01:11:10.9951499Z 24.04.4
static-and-tests (3.12)	Set up job	2026-06-30T01:11:10.9952081Z LTS
static-and-tests (3.12)	Set up job	2026-06-30T01:11:10.9952627Z ##[endgroup]
static-and-tests (3.12)	Set up job	2026-06-30T01:11:10.9953199Z ##[group]Runner Image
static-and-tests (3.12)	Set up job	2026-06-30T01:11:10.9954197Z Image: ubuntu-24.04
static-and-tests (3.12)	Set up job	2026-06-30T01:11:10.9954808Z Version: 20260622.220.1
static-and-tests (3.12)	Set up job	2026-06-30T01:11:10.9955951Z Included Software: https://github.com/actions/runner-images/blob/ubuntu24/20260622.220/images/ubuntu/Ubuntu2404-Readme.md
static-and-tests (3.12)	Set up job	2026-06-30T01:11:10.9957695Z Image Release: https://github.com/actions/runner-images/releases/tag/ubuntu24%2F20260622.220
static-and-tests (3.12)	Set up job	2026-06-30T01:11:10.9958808Z ##[endgroup]
static-and-tests (3.12)	Set up job	2026-06-30T01:11:10.9959943Z ##[group]GITHUB_TOKEN Permissions
static-and-tests (3.12)	Set up job	2026-06-30T01:11:10.9962182Z Contents: read
static-and-tests (3.12)	Set up job	2026-06-30T01:11:10.9962820Z Metadata: read
static-and-tests (3.12)	Set up job	2026-06-30T01:11:10.9963490Z ##[endgroup]
static-and-tests (3.12)	Set up job	2026-06-30T01:11:10.9965924Z Secret source: Actions
static-and-tests (3.12)	Set up job	2026-06-30T01:11:10.9967116Z Prepare workflow directory
static-and-tests (3.12)	Set up job	2026-06-30T01:11:11.0361211Z Prepare all required actions
static-and-tests (3.12)	Set up job	2026-06-30T01:11:11.0414178Z Getting action download info
static-and-tests (3.12)	Set up job	2026-06-30T01:11:11.2746184Z Download action repository 'actions/checkout@df4cb1c069e1874edd31b4311f1884172cec0e10' (SHA:df4cb1c069e1874edd31b4311f1884172cec0e10)
static-and-tests (3.12)	Set up job	2026-06-30T01:11:11.3418537Z Download action repository 'actions/setup-python@a309ff8b426b58ec0e2a45f0f869d46889d02405' (SHA:a309ff8b426b58ec0e2a45f0f869d46889d02405)
static-and-tests (3.12)	Set up job	2026-06-30T01:11:11.4333347Z Download action repository 'actions/upload-artifact@043fb46d1a93c77aae656e7c1c64a875d1fc6a0a' (SHA:043fb46d1a93c77aae656e7c1c64a875d1fc6a0a)
static-and-tests (3.12)	Set up job	2026-06-30T01:11:11.6101703Z Complete job name: static-and-tests (3.12)
static-and-tests (3.12)	Run actions/checkout@df4cb1c069e1874edd31b4311f1884172cec0e10	﻿2026-06-30T01:11:11.6860121Z ##[group]Run actions/checkout@df4cb1c069e1874edd31b4311f1884172cec0e10
static-and-tests (3.12)	Run actions/checkout@df4cb1c069e1874edd31b4311f1884172cec0e10	2026-06-30T01:11:11.6861152Z with:
static-and-tests (3.12)	Run actions/checkout@df4cb1c069e1874edd31b4311f1884172cec0e10	2026-06-30T01:11:11.6861740Z   repository: charpentieralexandre93-ux/Corep-engine-community
static-and-tests (3.12)	Run actions/checkout@df4cb1c069e1874edd31b4311f1884172cec0e10	2026-06-30T01:11:11.6866813Z   token: ***
static-and-tests (3.12)	Run actions/checkout@df4cb1c069e1874edd31b4311f1884172cec0e10	2026-06-30T01:11:11.6867245Z   ssh-strict: true
static-and-tests (3.12)	Run actions/checkout@df4cb1c069e1874edd31b4311f1884172cec0e10	2026-06-30T01:11:11.6867674Z   ssh-user: git
static-and-tests (3.12)	Run actions/checkout@df4cb1c069e1874edd31b4311f1884172cec0e10	2026-06-30T01:11:11.6868110Z   persist-credentials: true
static-and-tests (3.12)	Run actions/checkout@df4cb1c069e1874edd31b4311f1884172cec0e10	2026-06-30T01:11:11.6868599Z   clean: true
static-and-tests (3.12)	Run actions/checkout@df4cb1c069e1874edd31b4311f1884172cec0e10	2026-06-30T01:11:11.6869036Z   sparse-checkout-cone-mode: true
static-and-tests (3.12)	Run actions/checkout@df4cb1c069e1874edd31b4311f1884172cec0e10	2026-06-30T01:11:11.6869548Z   fetch-depth: 1
static-and-tests (3.12)	Run actions/checkout@df4cb1c069e1874edd31b4311f1884172cec0e10	2026-06-30T01:11:11.6869969Z   fetch-tags: false
static-and-tests (3.12)	Run actions/checkout@df4cb1c069e1874edd31b4311f1884172cec0e10	2026-06-30T01:11:11.6870410Z   show-progress: true
static-and-tests (3.12)	Run actions/checkout@df4cb1c069e1874edd31b4311f1884172cec0e10	2026-06-30T01:11:11.6870849Z   lfs: false
static-and-tests (3.12)	Run actions/checkout@df4cb1c069e1874edd31b4311f1884172cec0e10	2026-06-30T01:11:11.6871250Z   submodules: false
static-and-tests (3.12)	Run actions/checkout@df4cb1c069e1874edd31b4311f1884172cec0e10	2026-06-30T01:11:11.6871684Z   set-safe-directory: true
static-and-tests (3.12)	Run actions/checkout@df4cb1c069e1874edd31b4311f1884172cec0e10	2026-06-30T01:11:11.6872411Z ##[endgroup]
static-and-tests (3.12)	Run actions/checkout@df4cb1c069e1874edd31b4311f1884172cec0e10	2026-06-30T01:11:11.7900075Z Syncing repository: charpentieralexandre93-ux/Corep-engine-community
static-and-tests (3.12)	Run actions/checkout@df4cb1c069e1874edd31b4311f1884172cec0e10	2026-06-30T01:11:11.7902167Z ##[group]Getting Git version info
static-and-tests (3.12)	Run actions/checkout@df4cb1c069e1874edd31b4311f1884172cec0e10	2026-06-30T01:11:11.7903023Z Working directory is '/home/runner/work/Corep-engine-community/Corep-engine-community'
static-and-tests (3.12)	Run actions/checkout@df4cb1c069e1874edd31b4311f1884172cec0e10	2026-06-30T01:11:11.7904530Z [command]/usr/bin/git version
static-and-tests (3.12)	Run actions/checkout@df4cb1c069e1874edd31b4311f1884172cec0e10	2026-06-30T01:11:11.7930193Z git version 2.54.0
static-and-tests (3.12)	Run actions/checkout@df4cb1c069e1874edd31b4311f1884172cec0e10	2026-06-30T01:11:11.7984109Z ##[endgroup]
static-and-tests (3.12)	Run actions/checkout@df4cb1c069e1874edd31b4311f1884172cec0e10	2026-06-30T01:11:11.8000362Z Temporarily overriding HOME='/home/runner/work/_temp/bad08054-16d6-43dd-ab20-da7d3c06aaeb' before making global git config changes
static-and-tests (3.12)	Run actions/checkout@df4cb1c069e1874edd31b4311f1884172cec0e10	2026-06-30T01:11:11.8002622Z Adding repository directory to the temporary git global config as a safe directory
static-and-tests (3.12)	Run actions/checkout@df4cb1c069e1874edd31b4311f1884172cec0e10	2026-06-30T01:11:11.8006225Z [command]/usr/bin/git config --global --add safe.directory /home/runner/work/Corep-engine-community/Corep-engine-community
static-and-tests (3.12)	Run actions/checkout@df4cb1c069e1874edd31b4311f1884172cec0e10	2026-06-30T01:11:11.8050713Z Deleting the contents of '/home/runner/work/Corep-engine-community/Corep-engine-community'
static-and-tests (3.12)	Run actions/checkout@df4cb1c069e1874edd31b4311f1884172cec0e10	2026-06-30T01:11:11.8054545Z ##[group]Determining repository object format
static-and-tests (3.12)	Run actions/checkout@df4cb1c069e1874edd31b4311f1884172cec0e10	2026-06-30T01:11:11.8056579Z ##[endgroup]
static-and-tests (3.12)	Run actions/checkout@df4cb1c069e1874edd31b4311f1884172cec0e10	2026-06-30T01:11:11.8057471Z ##[group]Initializing the repository
static-and-tests (3.12)	Run actions/checkout@df4cb1c069e1874edd31b4311f1884172cec0e10	2026-06-30T01:11:11.8061440Z [command]/usr/bin/git init /home/runner/work/Corep-engine-community/Corep-engine-community
static-and-tests (3.12)	Run actions/checkout@df4cb1c069e1874edd31b4311f1884172cec0e10	2026-06-30T01:11:11.8131122Z hint: Using 'master' as the name for the initial branch. This default branch name
static-and-tests (3.12)	Run actions/checkout@df4cb1c069e1874edd31b4311f1884172cec0e10	2026-06-30T01:11:11.8132286Z hint: will change to "main" in Git 3.0. To configure the initial branch name
static-and-tests (3.12)	Run actions/checkout@df4cb1c069e1874edd31b4311f1884172cec0e10	2026-06-30T01:11:11.8135251Z hint: to use in all of your new repositories, which will suppress this warning,
static-and-tests (3.12)	Run actions/checkout@df4cb1c069e1874edd31b4311f1884172cec0e10	2026-06-30T01:11:11.8136645Z hint: call:
static-and-tests (3.12)	Run actions/checkout@df4cb1c069e1874edd31b4311f1884172cec0e10	2026-06-30T01:11:11.8137321Z hint:
static-and-tests (3.12)	Run actions/checkout@df4cb1c069e1874edd31b4311f1884172cec0e10	2026-06-30T01:11:11.8138153Z hint: 	git config --global init.defaultBranch <name>
static-and-tests (3.12)	Run actions/checkout@df4cb1c069e1874edd31b4311f1884172cec0e10	2026-06-30T01:11:11.8139162Z hint:
static-and-tests (3.12)	Run actions/checkout@df4cb1c069e1874edd31b4311f1884172cec0e10	2026-06-30T01:11:11.8140115Z hint: Names commonly chosen instead of 'master' are 'main', 'trunk' and
static-and-tests (3.12)	Run actions/checkout@df4cb1c069e1874edd31b4311f1884172cec0e10	2026-06-30T01:11:11.8141642Z hint: 'development'. The just-created branch can be renamed via this command:
static-and-tests (3.12)	Run actions/checkout@df4cb1c069e1874edd31b4311f1884172cec0e10	2026-06-30T01:11:11.8142836Z hint:
static-and-tests (3.12)	Run actions/checkout@df4cb1c069e1874edd31b4311f1884172cec0e10	2026-06-30T01:11:11.8143496Z hint: 	git branch -m <name>
static-and-tests (3.12)	Run actions/checkout@df4cb1c069e1874edd31b4311f1884172cec0e10	2026-06-30T01:11:11.8144550Z hint:
static-and-tests (3.12)	Run actions/checkout@df4cb1c069e1874edd31b4311f1884172cec0e10	2026-06-30T01:11:11.8145597Z hint: Disable this message with "git config set advice.defaultBranchName false"
static-and-tests (3.12)	Run actions/checkout@df4cb1c069e1874edd31b4311f1884172cec0e10	2026-06-30T01:11:11.8147608Z Initialized empty Git repository in /home/runner/work/Corep-engine-community/Corep-engine-community/.git/
static-and-tests (3.12)	Run actions/checkout@df4cb1c069e1874edd31b4311f1884172cec0e10	2026-06-30T01:11:11.8150670Z [command]/usr/bin/git remote add origin https://github.com/charpentieralexandre93-ux/Corep-engine-community
static-and-tests (3.12)	Run actions/checkout@df4cb1c069e1874edd31b4311f1884172cec0e10	2026-06-30T01:11:11.8184704Z ##[endgroup]
static-and-tests (3.12)	Run actions/checkout@df4cb1c069e1874edd31b4311f1884172cec0e10	2026-06-30T01:11:11.8185957Z ##[group]Disabling automatic garbage collection
static-and-tests (3.12)	Run actions/checkout@df4cb1c069e1874edd31b4311f1884172cec0e10	2026-06-30T01:11:11.8189224Z [command]/usr/bin/git config --local gc.auto 0
static-and-tests (3.12)	Run actions/checkout@df4cb1c069e1874edd31b4311f1884172cec0e10	2026-06-30T01:11:11.8219882Z ##[endgroup]
static-and-tests (3.12)	Run actions/checkout@df4cb1c069e1874edd31b4311f1884172cec0e10	2026-06-30T01:11:11.8221407Z ##[group]Setting up auth
static-and-tests (3.12)	Run actions/checkout@df4cb1c069e1874edd31b4311f1884172cec0e10	2026-06-30T01:11:11.8222541Z Removing SSH command configuration
static-and-tests (3.12)	Run actions/checkout@df4cb1c069e1874edd31b4311f1884172cec0e10	2026-06-30T01:11:11.8227169Z [command]/usr/bin/git config --local --name-only --get-regexp core\.sshCommand
static-and-tests (3.12)	Run actions/checkout@df4cb1c069e1874edd31b4311f1884172cec0e10	2026-06-30T01:11:11.8262054Z [command]/usr/bin/git submodule foreach --recursive sh -c "git config --local --name-only --get-regexp 'core\.sshCommand' && git config --local --unset-all 'core.sshCommand' || :"
static-and-tests (3.12)	Run actions/checkout@df4cb1c069e1874edd31b4311f1884172cec0e10	2026-06-30T01:11:11.8568581Z Removing HTTP extra header
static-and-tests (3.12)	Run actions/checkout@df4cb1c069e1874edd31b4311f1884172cec0e10	2026-06-30T01:11:11.8574725Z [command]/usr/bin/git config --local --name-only --get-regexp http\.https\:\/\/github\.com\/\.extraheader
static-and-tests (3.12)	Run actions/checkout@df4cb1c069e1874edd31b4311f1884172cec0e10	2026-06-30T01:11:11.8608165Z [command]/usr/bin/git submodule foreach --recursive sh -c "git config --local --name-only --get-regexp 'http\.https\:\/\/github\.com\/\.extraheader' && git config --local --unset-all 'http.https://github.com/.extraheader' || :"
static-and-tests (3.12)	Run actions/checkout@df4cb1c069e1874edd31b4311f1884172cec0e10	2026-06-30T01:11:11.8832011Z Removing includeIf entries pointing to credentials config files
static-and-tests (3.12)	Run actions/checkout@df4cb1c069e1874edd31b4311f1884172cec0e10	2026-06-30T01:11:11.8838387Z [command]/usr/bin/git config --local --name-only --get-regexp ^includeIf\.gitdir:
static-and-tests (3.12)	Run actions/checkout@df4cb1c069e1874edd31b4311f1884172cec0e10	2026-06-30T01:11:11.8872113Z [command]/usr/bin/git submodule foreach --recursive git config --local --show-origin --name-only --get-regexp remote.origin.url
static-and-tests (3.12)	Run actions/checkout@df4cb1c069e1874edd31b4311f1884172cec0e10	2026-06-30T01:11:11.9108197Z [command]/usr/bin/git config --file /home/runner/work/_temp/git-credentials-41e40171-cf44-4ba1-a33a-229a9d3572c6.config http.https://github.com/.extraheader AUTHORIZATION: basic ***
static-and-tests (3.12)	Run actions/checkout@df4cb1c069e1874edd31b4311f1884172cec0e10	2026-06-30T01:11:11.9146220Z [command]/usr/bin/git config --local includeIf.gitdir:/home/runner/work/Corep-engine-community/Corep-engine-community/.git.path /home/runner/work/_temp/git-credentials-41e40171-cf44-4ba1-a33a-229a9d3572c6.config
static-and-tests (3.12)	Run actions/checkout@df4cb1c069e1874edd31b4311f1884172cec0e10	2026-06-30T01:11:11.9177128Z [command]/usr/bin/git config --local includeIf.gitdir:/home/runner/work/Corep-engine-community/Corep-engine-community/.git/worktrees/*.path /home/runner/work/_temp/git-credentials-41e40171-cf44-4ba1-a33a-229a9d3572c6.config
static-and-tests (3.12)	Run actions/checkout@df4cb1c069e1874edd31b4311f1884172cec0e10	2026-06-30T01:11:11.9210306Z [command]/usr/bin/git config --local includeIf.gitdir:/github/workspace/.git.path /github/runner_temp/git-credentials-41e40171-cf44-4ba1-a33a-229a9d3572c6.config
static-and-tests (3.12)	Run actions/checkout@df4cb1c069e1874edd31b4311f1884172cec0e10	2026-06-30T01:11:11.9241029Z [command]/usr/bin/git config --local includeIf.gitdir:/github/workspace/.git/worktrees/*.path /github/runner_temp/git-credentials-41e40171-cf44-4ba1-a33a-229a9d3572c6.config
static-and-tests (3.12)	Run actions/checkout@df4cb1c069e1874edd31b4311f1884172cec0e10	2026-06-30T01:11:11.9269698Z ##[endgroup]
static-and-tests (3.12)	Run actions/checkout@df4cb1c069e1874edd31b4311f1884172cec0e10	2026-06-30T01:11:11.9270763Z ##[group]Fetching the repository
static-and-tests (3.12)	Run actions/checkout@df4cb1c069e1874edd31b4311f1884172cec0e10	2026-06-30T01:11:11.9278435Z [command]/usr/bin/git -c protocol.version=2 fetch --no-tags --prune --no-recurse-submodules --depth=1 origin +fc76f59b569bd2d113feb6df10d62fcd590e110b:refs/remotes/pull/25/merge
static-and-tests (3.12)	Run actions/checkout@df4cb1c069e1874edd31b4311f1884172cec0e10	2026-06-30T01:11:12.2683760Z From https://github.com/charpentieralexandre93-ux/Corep-engine-community
static-and-tests (3.12)	Run actions/checkout@df4cb1c069e1874edd31b4311f1884172cec0e10	2026-06-30T01:11:12.2685163Z  * [new ref]         fc76f59b569bd2d113feb6df10d62fcd590e110b -> pull/25/merge
static-and-tests (3.12)	Run actions/checkout@df4cb1c069e1874edd31b4311f1884172cec0e10	2026-06-30T01:11:12.2715476Z ##[endgroup]
static-and-tests (3.12)	Run actions/checkout@df4cb1c069e1874edd31b4311f1884172cec0e10	2026-06-30T01:11:12.2716397Z ##[group]Determining the checkout info
static-and-tests (3.12)	Run actions/checkout@df4cb1c069e1874edd31b4311f1884172cec0e10	2026-06-30T01:11:12.2717262Z ##[endgroup]
static-and-tests (3.12)	Run actions/checkout@df4cb1c069e1874edd31b4311f1884172cec0e10	2026-06-30T01:11:12.2722158Z [command]/usr/bin/git sparse-checkout disable
static-and-tests (3.12)	Run actions/checkout@df4cb1c069e1874edd31b4311f1884172cec0e10	2026-06-30T01:11:12.2847437Z [command]/usr/bin/git config --local --unset-all extensions.worktreeConfig
static-and-tests (3.12)	Run actions/checkout@df4cb1c069e1874edd31b4311f1884172cec0e10	2026-06-30T01:11:12.2849694Z ##[group]Checking out the ref
static-and-tests (3.12)	Run actions/checkout@df4cb1c069e1874edd31b4311f1884172cec0e10	2026-06-30T01:11:12.2850449Z [command]/usr/bin/git checkout --progress --force refs/remotes/pull/25/merge
static-and-tests (3.12)	Run actions/checkout@df4cb1c069e1874edd31b4311f1884172cec0e10	2026-06-30T01:11:12.2946000Z Note: switching to 'refs/remotes/pull/25/merge'.
static-and-tests (3.12)	Run actions/checkout@df4cb1c069e1874edd31b4311f1884172cec0e10	2026-06-30T01:11:12.2946798Z 
static-and-tests (3.12)	Run actions/checkout@df4cb1c069e1874edd31b4311f1884172cec0e10	2026-06-30T01:11:12.2947188Z You are in 'detached HEAD' state. You can look around, make experimental
static-and-tests (3.12)	Run actions/checkout@df4cb1c069e1874edd31b4311f1884172cec0e10	2026-06-30T01:11:12.2948119Z changes and commit them, and you can discard any commits you make in this
static-and-tests (3.12)	Run actions/checkout@df4cb1c069e1874edd31b4311f1884172cec0e10	2026-06-30T01:11:12.2949351Z state without impacting any branches by switching back to a branch.
static-and-tests (3.12)	Run actions/checkout@df4cb1c069e1874edd31b4311f1884172cec0e10	2026-06-30T01:11:12.2950174Z 
static-and-tests (3.12)	Run actions/checkout@df4cb1c069e1874edd31b4311f1884172cec0e10	2026-06-30T01:11:12.2950726Z If you want to create a new branch to retain commits you create, you may
static-and-tests (3.12)	Run actions/checkout@df4cb1c069e1874edd31b4311f1884172cec0e10	2026-06-30T01:11:12.2951970Z do so (now or later) by using -c with the switch command. Example:
static-and-tests (3.12)	Run actions/checkout@df4cb1c069e1874edd31b4311f1884172cec0e10	2026-06-30T01:11:12.2952639Z 
static-and-tests (3.12)	Run actions/checkout@df4cb1c069e1874edd31b4311f1884172cec0e10	2026-06-30T01:11:12.2952941Z   git switch -c <new-branch-name>
static-and-tests (3.12)	Run actions/checkout@df4cb1c069e1874edd31b4311f1884172cec0e10	2026-06-30T01:11:12.2953421Z 
static-and-tests (3.12)	Run actions/checkout@df4cb1c069e1874edd31b4311f1884172cec0e10	2026-06-30T01:11:12.2953929Z Or undo this operation with:
static-and-tests (3.12)	Run actions/checkout@df4cb1c069e1874edd31b4311f1884172cec0e10	2026-06-30T01:11:12.2954405Z 
static-and-tests (3.12)	Run actions/checkout@df4cb1c069e1874edd31b4311f1884172cec0e10	2026-06-30T01:11:12.2954688Z   git switch -
static-and-tests (3.12)	Run actions/checkout@df4cb1c069e1874edd31b4311f1884172cec0e10	2026-06-30T01:11:12.2955067Z 
static-and-tests (3.12)	Run actions/checkout@df4cb1c069e1874edd31b4311f1884172cec0e10	2026-06-30T01:11:12.2955696Z Turn off this advice by setting config variable advice.detachedHead to false
static-and-tests (3.12)	Run actions/checkout@df4cb1c069e1874edd31b4311f1884172cec0e10	2026-06-30T01:11:12.2956544Z 
static-and-tests (3.12)	Run actions/checkout@df4cb1c069e1874edd31b4311f1884172cec0e10	2026-06-30T01:11:12.2957527Z HEAD is now at fc76f59 Merge 97b4ea15138b9f5d6483b7b9cf51bf9cc099792b into bd79badc68cc8dce7c5b243d7b30440624b33180
static-and-tests (3.12)	Run actions/checkout@df4cb1c069e1874edd31b4311f1884172cec0e10	2026-06-30T01:11:12.2960506Z ##[endgroup]
static-and-tests (3.12)	Run actions/checkout@df4cb1c069e1874edd31b4311f1884172cec0e10	2026-06-30T01:11:12.2998733Z [command]/usr/bin/git log -1 --format=%H
static-and-tests (3.12)	Run actions/checkout@df4cb1c069e1874edd31b4311f1884172cec0e10	2026-06-30T01:11:12.3024361Z fc76f59b569bd2d113feb6df10d62fcd590e110b
static-and-tests (3.12)	Run actions/setup-python@a309ff8b426b58ec0e2a45f0f869d46889d02405	﻿2026-06-30T01:11:12.3308255Z ##[group]Run actions/setup-python@a309ff8b426b58ec0e2a45f0f869d46889d02405
static-and-tests (3.12)	Run actions/setup-python@a309ff8b426b58ec0e2a45f0f869d46889d02405	2026-06-30T01:11:12.3309043Z with:
static-and-tests (3.12)	Run actions/setup-python@a309ff8b426b58ec0e2a45f0f869d46889d02405	2026-06-30T01:11:12.3309450Z   python-version: 3.12
static-and-tests (3.12)	Run actions/setup-python@a309ff8b426b58ec0e2a45f0f869d46889d02405	2026-06-30T01:11:12.3309903Z   cache: pip
static-and-tests (3.12)	Run actions/setup-python@a309ff8b426b58ec0e2a45f0f869d46889d02405	2026-06-30T01:11:12.3310314Z   check-latest: false
static-and-tests (3.12)	Run actions/setup-python@a309ff8b426b58ec0e2a45f0f869d46889d02405	2026-06-30T01:11:12.3314973Z   token: ***
static-and-tests (3.12)	Run actions/setup-python@a309ff8b426b58ec0e2a45f0f869d46889d02405	2026-06-30T01:11:12.3315423Z   update-environment: true
static-and-tests (3.12)	Run actions/setup-python@a309ff8b426b58ec0e2a45f0f869d46889d02405	2026-06-30T01:11:12.3315921Z   allow-prereleases: false
static-and-tests (3.12)	Run actions/setup-python@a309ff8b426b58ec0e2a45f0f869d46889d02405	2026-06-30T01:11:12.3316393Z   freethreaded: false
static-and-tests (3.12)	Run actions/setup-python@a309ff8b426b58ec0e2a45f0f869d46889d02405	2026-06-30T01:11:12.3316833Z ##[endgroup]
static-and-tests (3.12)	Run actions/setup-python@a309ff8b426b58ec0e2a45f0f869d46889d02405	2026-06-30T01:11:12.4599238Z ##[group]Installed versions
static-and-tests (3.12)	Run actions/setup-python@a309ff8b426b58ec0e2a45f0f869d46889d02405	2026-06-30T01:11:12.4687242Z Successfully set up CPython (3.12.13)
static-and-tests (3.12)	Run actions/setup-python@a309ff8b426b58ec0e2a45f0f869d46889d02405	2026-06-30T01:11:12.4688252Z ##[endgroup]
static-and-tests (3.12)	Run actions/setup-python@a309ff8b426b58ec0e2a45f0f869d46889d02405	2026-06-30T01:11:12.5409498Z [command]/opt/hostedtoolcache/Python/3.12.13/x64/bin/pip cache dir
static-and-tests (3.12)	Run actions/setup-python@a309ff8b426b58ec0e2a45f0f869d46889d02405	2026-06-30T01:11:13.7088115Z /home/runner/.cache/pip
static-and-tests (3.12)	Run actions/setup-python@a309ff8b426b58ec0e2a45f0f869d46889d02405	2026-06-30T01:11:13.8421295Z Cache hit for restore-key: setup-python-Linux-x64-24.04-Ubuntu-python-3.12.13-pip-8465f91af38e1dc7cc3b689dd3103ece0082692ca9222117eb9f8cbd462c130e
static-and-tests (3.12)	Run actions/setup-python@a309ff8b426b58ec0e2a45f0f869d46889d02405	2026-06-30T01:11:14.9442703Z Received 108044109 of 108044109 (100.0%), 103.3 MBs/sec
static-and-tests (3.12)	Run actions/setup-python@a309ff8b426b58ec0e2a45f0f869d46889d02405	2026-06-30T01:11:14.9444588Z Cache Size: ~103 MB (108044109 B)
static-and-tests (3.12)	Run actions/setup-python@a309ff8b426b58ec0e2a45f0f869d46889d02405	2026-06-30T01:11:14.9592392Z [command]/usr/bin/tar -xf /home/runner/work/_temp/e1c1a8b0-536b-47df-9d2b-3432eb001803/cache.tzst -P -C /home/runner/work/Corep-engine-community/Corep-engine-community --use-compress-program unzstd
static-and-tests (3.12)	Run actions/setup-python@a309ff8b426b58ec0e2a45f0f869d46889d02405	2026-06-30T01:11:15.1532118Z Cache restored successfully
static-and-tests (3.12)	Run actions/setup-python@a309ff8b426b58ec0e2a45f0f869d46889d02405	2026-06-30T01:11:15.1608024Z Cache restored from key: setup-python-Linux-x64-24.04-Ubuntu-python-3.12.13-pip-8465f91af38e1dc7cc3b689dd3103ece0082692ca9222117eb9f8cbd462c130e
static-and-tests (3.12)	Installer le projet et les outils	﻿2026-06-30T01:11:15.1817922Z ##[group]Run if [ "3.12" = "3.11" ]; then
static-and-tests (3.12)	Installer le projet et les outils	2026-06-30T01:11:15.1818469Z ^[[36;1mif [ "3.12" = "3.11" ]; then^[[0m
static-and-tests (3.12)	Installer le projet et les outils	2026-06-30T01:11:15.1819222Z ^[[36;1m  python -m pip install --require-hashes -r requirements-dev-py311-linux.lock^[[0m
static-and-tests (3.12)	Installer le projet et les outils	2026-06-30T01:11:15.1819816Z ^[[36;1m  python -m pip install --no-deps -e ".[dev,postgres]"^[[0m
static-and-tests (3.12)	Installer le projet et les outils	2026-06-30T01:11:15.1820210Z ^[[36;1melse^[[0m
static-and-tests (3.12)	Installer le projet et les outils	2026-06-30T01:11:15.1820555Z ^[[36;1m  python -m pip install -e ".[dev]" ruff bandit build^[[0m
static-and-tests (3.12)	Installer le projet et les outils	2026-06-30T01:11:15.1820934Z ^[[36;1mfi^[[0m
static-and-tests (3.12)	Installer le projet et les outils	2026-06-30T01:11:15.1955898Z shell: /usr/bin/bash --noprofile --norc -e -o pipefail {0}
static-and-tests (3.12)	Installer le projet et les outils	2026-06-30T01:11:15.1956429Z env:
static-and-tests (3.12)	Installer le projet et les outils	2026-06-30T01:11:15.1956800Z   pythonLocation: /opt/hostedtoolcache/Python/3.12.13/x64
static-and-tests (3.12)	Installer le projet et les outils	2026-06-30T01:11:15.1957336Z   PKG_CONFIG_PATH: /opt/hostedtoolcache/Python/3.12.13/x64/lib/pkgconfig
static-and-tests (3.12)	Installer le projet et les outils	2026-06-30T01:11:15.1957819Z   Python_ROOT_DIR: /opt/hostedtoolcache/Python/3.12.13/x64
static-and-tests (3.12)	Installer le projet et les outils	2026-06-30T01:11:15.1958247Z   Python2_ROOT_DIR: /opt/hostedtoolcache/Python/3.12.13/x64
static-and-tests (3.12)	Installer le projet et les outils	2026-06-30T01:11:15.1958692Z   Python3_ROOT_DIR: /opt/hostedtoolcache/Python/3.12.13/x64
static-and-tests (3.12)	Installer le projet et les outils	2026-06-30T01:11:15.1959217Z   LD_LIBRARY_PATH: /opt/hostedtoolcache/Python/3.12.13/x64/lib
static-and-tests (3.12)	Installer le projet et les outils	2026-06-30T01:11:15.1959612Z ##[endgroup]
static-and-tests (3.12)	Installer le projet et les outils	2026-06-30T01:11:16.0897995Z Obtaining file:///home/runner/work/Corep-engine-community/Corep-engine-community
static-and-tests (3.12)	Installer le projet et les outils	2026-06-30T01:11:16.0918048Z   Installing build dependencies: started
static-and-tests (3.12)	Installer le projet et les outils	2026-06-30T01:11:16.7755344Z   Installing build dependencies: finished with status 'done'
static-and-tests (3.12)	Installer le projet et les outils	2026-06-30T01:11:16.7760787Z   Checking if build backend supports build_editable: started
static-and-tests (3.12)	Installer le projet et les outils	2026-06-30T01:11:17.1314579Z   Checking if build backend supports build_editable: finished with status 'done'
static-and-tests (3.12)	Installer le projet et les outils	2026-06-30T01:11:17.1323094Z   Getting requirements to build editable: started
static-and-tests (3.12)	Installer le projet et les outils	2026-06-30T01:11:17.4813939Z   Getting requirements to build editable: finished with status 'done'
static-and-tests (3.12)	Installer le projet et les outils	2026-06-30T01:11:17.4826314Z   Preparing editable metadata (pyproject.toml): started
static-and-tests (3.12)	Installer le projet et les outils	2026-06-30T01:11:17.6762306Z   Preparing editable metadata (pyproject.toml): finished with status 'done'
static-and-tests (3.12)	Installer le projet et les outils	2026-06-30T01:11:18.0478531Z Collecting ruff
static-and-tests (3.12)	Installer le projet et les outils	2026-06-30T01:11:18.0982618Z   Downloading ruff-0.15.20-py3-none-manylinux_2_17_x86_64.manylinux2014_x86_64.whl.metadata (26 kB)
static-and-tests (3.12)	Installer le projet et les outils	2026-06-30T01:11:18.1201920Z Collecting bandit
static-and-tests (3.12)	Installer le projet et les outils	2026-06-30T01:11:18.1213827Z   Using cached bandit-1.9.4-py3-none-any.whl.metadata (7.1 kB)
static-and-tests (3.12)	Installer le projet et les outils	2026-06-30T01:11:18.1360497Z Collecting build
static-and-tests (3.12)	Installer le projet et les outils	2026-06-30T01:11:18.1372966Z   Using cached build-1.5.0-py3-none-any.whl.metadata (5.7 kB)
static-and-tests (3.12)	Installer le projet et les outils	2026-06-30T01:11:18.1616813Z Collecting pytest>=7.0 (from corep-crr3-community==6.6.0)
static-and-tests (3.12)	Installer le projet et les outils	2026-06-30T01:11:18.1651040Z   Downloading pytest-9.1.1-py3-none-any.whl.metadata (7.6 kB)
static-and-tests (3.12)	Installer le projet et les outils	2026-06-30T01:11:18.1788895Z Collecting pytest-cov>=4.0 (from corep-crr3-community==6.6.0)
static-and-tests (3.12)	Installer le projet et les outils	2026-06-30T01:11:18.1801383Z   Using cached pytest_cov-7.1.0-py3-none-any.whl.metadata (32 kB)
static-and-tests (3.12)	Installer le projet et les outils	2026-06-30T01:11:18.2685845Z Collecting mypy<2.0 (from corep-crr3-community==6.6.0)
static-and-tests (3.12)	Installer le projet et les outils	2026-06-30T01:11:18.2700141Z   Using cached mypy-1.20.2-cp312-cp312-manylinux2014_x86_64.manylinux_2_17_x86_64.manylinux_2_28_x86_64.whl.metadata (2.4 kB)
static-and-tests (3.12)	Installer le projet et les outils	2026-06-30T01:11:18.3002795Z Collecting PyYAML>=6.0 (from corep-crr3-community==6.6.0)
static-and-tests (3.12)	Installer le projet et les outils	2026-06-30T01:11:18.3016274Z   Using cached pyyaml-6.0.3-cp312-cp312-manylinux2014_x86_64.manylinux_2_17_x86_64.manylinux_2_28_x86_64.whl.metadata (2.4 kB)
static-and-tests (3.12)	Installer le projet et les outils	2026-06-30T01:11:18.3147500Z Collecting types-PyYAML>=6.0 (from corep-crr3-community==6.6.0)
static-and-tests (3.12)	Installer le projet et les outils	2026-06-30T01:11:18.3181830Z   Downloading types_pyyaml-6.0.12.20260518-py3-none-any.whl.metadata (1.7 kB)
static-and-tests (3.12)	Installer le projet et les outils	2026-06-30T01:11:18.3366549Z Collecting types-psycopg2>=2.9 (from corep-crr3-community==6.6.0)
static-and-tests (3.12)	Installer le projet et les outils	2026-06-30T01:11:18.3378843Z   Using cached types_psycopg2-2.9.21.20260518-py3-none-any.whl.metadata (1.7 kB)
static-and-tests (3.12)	Installer le projet et les outils	2026-06-30T01:11:18.3508224Z Collecting typing_extensions>=4.6.0 (from mypy<2.0->corep-crr3-community==6.6.0)
static-and-tests (3.12)	Installer le projet et les outils	2026-06-30T01:11:18.3524517Z   Using cached typing_extensions-4.15.0-py3-none-any.whl.metadata (3.3 kB)
static-and-tests (3.12)	Installer le projet et les outils	2026-06-30T01:11:18.3615000Z Collecting mypy_extensions>=1.0.0 (from mypy<2.0->corep-crr3-community==6.6.0)
static-and-tests (3.12)	Installer le projet et les outils	2026-06-30T01:11:18.3626306Z   Using cached mypy_extensions-1.1.0-py3-none-any.whl.metadata (1.1 kB)
static-and-tests (3.12)	Installer le projet et les outils	2026-06-30T01:11:18.3718784Z Collecting pathspec>=1.0.0 (from mypy<2.0->corep-crr3-community==6.6.0)
static-and-tests (3.12)	Installer le projet et les outils	2026-06-30T01:11:18.3729905Z   Using cached pathspec-1.1.1-py3-none-any.whl.metadata (14 kB)
static-and-tests (3.12)	Installer le projet et les outils	2026-06-30T01:11:18.4597211Z Collecting librt>=0.8.0 (from mypy<2.0->corep-crr3-community==6.6.0)
static-and-tests (3.12)	Installer le projet et les outils	2026-06-30T01:11:18.4611440Z   Using cached librt-0.11.0-cp312-cp312-manylinux2014_x86_64.manylinux_2_17_x86_64.manylinux_2_28_x86_64.whl.metadata (1.3 kB)
static-and-tests (3.12)	Installer le projet et les outils	2026-06-30T01:11:18.4933057Z Collecting stevedore>=1.20.0 (from bandit)
static-and-tests (3.12)	Installer le projet et les outils	2026-06-30T01:11:18.4950330Z   Using cached stevedore-5.8.0-py3-none-any.whl.metadata (2.3 kB)
static-and-tests (3.12)	Installer le projet et les outils	2026-06-30T01:11:18.5298869Z Collecting rich (from bandit)
static-and-tests (3.12)	Installer le projet et les outils	2026-06-30T01:11:18.5310586Z   Using cached rich-15.0.0-py3-none-any.whl.metadata (18 kB)
static-and-tests (3.12)	Installer le projet et les outils	2026-06-30T01:11:18.5433235Z Collecting packaging>=24.0 (from build)
static-and-tests (3.12)	Installer le projet et les outils	2026-06-30T01:11:18.5445075Z   Using cached packaging-26.2-py3-none-any.whl.metadata (3.5 kB)
static-and-tests (3.12)	Installer le projet et les outils	2026-06-30T01:11:18.5521048Z Collecting pyproject_hooks (from build)
static-and-tests (3.12)	Installer le projet et les outils	2026-06-30T01:11:18.5532415Z   Using cached pyproject_hooks-1.2.0-py3-none-any.whl.metadata (1.3 kB)
static-and-tests (3.12)	Installer le projet et les outils	2026-06-30T01:11:18.5625301Z Collecting iniconfig>=1.0.1 (from pytest>=7.0->corep-crr3-community==6.6.0)
static-and-tests (3.12)	Installer le projet et les outils	2026-06-30T01:11:18.5636827Z   Using cached iniconfig-2.3.0-py3-none-any.whl.metadata (2.5 kB)
static-and-tests (3.12)	Installer le projet et les outils	2026-06-30T01:11:18.5741021Z Collecting pluggy<2,>=1.5 (from pytest>=7.0->corep-crr3-community==6.6.0)
static-and-tests (3.12)	Installer le projet et les outils	2026-06-30T01:11:18.5752518Z   Using cached pluggy-1.6.0-py3-none-any.whl.metadata (4.8 kB)
static-and-tests (3.12)	Installer le projet et les outils	2026-06-30T01:11:18.5893877Z Collecting pygments>=2.7.2 (from pytest>=7.0->corep-crr3-community==6.6.0)
static-and-tests (3.12)	Installer le projet et les outils	2026-06-30T01:11:18.5905617Z   Using cached pygments-2.20.0-py3-none-any.whl.metadata (2.5 kB)
static-and-tests (3.12)	Installer le projet et les outils	2026-06-30T01:11:18.9249537Z Collecting coverage>=7.10.6 (from coverage[toml]>=7.10.6->pytest-cov>=4.0->corep-crr3-community==6.6.0)
static-and-tests (3.12)	Installer le projet et les outils	2026-06-30T01:11:18.9284106Z   Downloading coverage-7.14.3-cp312-cp312-manylinux1_x86_64.manylinux_2_28_x86_64.manylinux_2_5_x86_64.whl.metadata (8.6 kB)
static-and-tests (3.12)	Installer le projet et les outils	2026-06-30T01:11:18.9460366Z Collecting markdown-it-py>=2.2.0 (from rich->bandit)
static-and-tests (3.12)	Installer le projet et les outils	2026-06-30T01:11:18.9471739Z   Using cached markdown_it_py-4.2.0-py3-none-any.whl.metadata (7.4 kB)
static-and-tests (3.12)	Installer le projet et les outils	2026-06-30T01:11:18.9589723Z Collecting mdurl~=0.1 (from markdown-it-py>=2.2.0->rich->bandit)
static-and-tests (3.12)	Installer le projet et les outils	2026-06-30T01:11:18.9601140Z   Using cached mdurl-0.1.2-py3-none-any.whl.metadata (1.6 kB)
static-and-tests (3.12)	Installer le projet et les outils	2026-06-30T01:11:18.9635650Z Using cached mypy-1.20.2-cp312-cp312-manylinux2014_x86_64.manylinux_2_17_x86_64.manylinux_2_28_x86_64.whl (14.7 MB)
static-and-tests (3.12)	Installer le projet et les outils	2026-06-30T01:11:18.9751778Z Downloading ruff-0.15.20-py3-none-manylinux_2_17_x86_64.manylinux2014_x86_64.whl (11.5 MB)
static-and-tests (3.12)	Installer le projet et les outils	2026-06-30T01:11:19.0399693Z    ━━━━━━━━━━━━━━━━━━━━━━━━━━━━━━━━━━━━━━━━ 11.5/11.5 MB 215.0 MB/s  0:00:00
static-and-tests (3.12)	Installer le projet et les outils	2026-06-30T01:11:19.0412908Z Using cached bandit-1.9.4-py3-none-any.whl (134 kB)
static-and-tests (3.12)	Installer le projet et les outils	2026-06-30T01:11:19.0424777Z Using cached build-1.5.0-py3-none-any.whl (26 kB)
static-and-tests (3.12)	Installer le projet et les outils	2026-06-30T01:11:19.0436102Z Using cached librt-0.11.0-cp312-cp312-manylinux2014_x86_64.manylinux_2_17_x86_64.manylinux_2_28_x86_64.whl (513 kB)
static-and-tests (3.12)	Installer le projet et les outils	2026-06-30T01:11:19.0449068Z Using cached mypy_extensions-1.1.0-py3-none-any.whl (5.0 kB)
static-and-tests (3.12)	Installer le projet et les outils	2026-06-30T01:11:19.0459695Z Using cached packaging-26.2-py3-none-any.whl (100 kB)
static-and-tests (3.12)	Installer le projet et les outils	2026-06-30T01:11:19.0470801Z Using cached pathspec-1.1.1-py3-none-any.whl (57 kB)
static-and-tests (3.12)	Installer le projet et les outils	2026-06-30T01:11:19.0506098Z Downloading pytest-9.1.1-py3-none-any.whl (386 kB)
static-and-tests (3.12)	Installer le projet et les outils	2026-06-30T01:11:19.0546034Z Using cached pluggy-1.6.0-py3-none-any.whl (20 kB)
static-and-tests (3.12)	Installer le projet et les outils	2026-06-30T01:11:19.0556893Z Using cached iniconfig-2.3.0-py3-none-any.whl (7.5 kB)
static-and-tests (3.12)	Installer le projet et les outils	2026-06-30T01:11:19.0567773Z Using cached pygments-2.20.0-py3-none-any.whl (1.2 MB)
static-and-tests (3.12)	Installer le projet et les outils	2026-06-30T01:11:19.0583400Z Using cached pytest_cov-7.1.0-py3-none-any.whl (22 kB)
static-and-tests (3.12)	Installer le projet et les outils	2026-06-30T01:11:19.0617003Z Downloading coverage-7.14.3-cp312-cp312-manylinux1_x86_64.manylinux_2_28_x86_64.manylinux_2_5_x86_64.whl (255 kB)
static-and-tests (3.12)	Installer le projet et les outils	2026-06-30T01:11:19.0651539Z Using cached pyyaml-6.0.3-cp312-cp312-manylinux2014_x86_64.manylinux_2_17_x86_64.manylinux_2_28_x86_64.whl (807 kB)
static-and-tests (3.12)	Installer le projet et les outils	2026-06-30T01:11:19.0665488Z Using cached stevedore-5.8.0-py3-none-any.whl (54 kB)
static-and-tests (3.12)	Installer le projet et les outils	2026-06-30T01:11:19.0676738Z Using cached types_psycopg2-2.9.21.20260518-py3-none-any.whl (24 kB)
static-and-tests (3.12)	Installer le projet et les outils	2026-06-30T01:11:19.0710183Z Downloading types_pyyaml-6.0.12.20260518-py3-none-any.whl (20 kB)
static-and-tests (3.12)	Installer le projet et les outils	2026-06-30T01:11:19.0739344Z Using cached typing_extensions-4.15.0-py3-none-any.whl (44 kB)
static-and-tests (3.12)	Installer le projet et les outils	2026-06-30T01:11:19.0750308Z Using cached pyproject_hooks-1.2.0-py3-none-any.whl (10 kB)
static-and-tests (3.12)	Installer le projet et les outils	2026-06-30T01:11:19.0760934Z Using cached rich-15.0.0-py3-none-any.whl (310 kB)
static-and-tests (3.12)	Installer le projet et les outils	2026-06-30T01:11:19.0772739Z Using cached markdown_it_py-4.2.0-py3-none-any.whl (91 kB)
static-and-tests (3.12)	Installer le projet et les outils	2026-06-30T01:11:19.0783891Z Using cached mdurl-0.1.2-py3-none-any.whl (10.0 kB)
static-and-tests (3.12)	Installer le projet et les outils	2026-06-30T01:11:19.1287891Z Building wheels for collected packages: corep-crr3-community
static-and-tests (3.12)	Installer le projet et les outils	2026-06-30T01:11:19.1295948Z   Building editable for corep-crr3-community (pyproject.toml): started
static-and-tests (3.12)	Installer le projet et les outils	2026-06-30T01:11:19.3547316Z   Building editable for corep-crr3-community (pyproject.toml): finished with status 'done'
static-and-tests (3.12)	Installer le projet et les outils	2026-06-30T01:11:19.3553385Z   Created wheel for corep-crr3-community: filename=corep_crr3_community-6.6.0-0.editable-py3-none-any.whl size=8596 sha256=a2987cf5eb0330a8416a9f4f1baad08fc54b1952da8b70a5c5d0c5df7fad8e0d
static-and-tests (3.12)	Installer le projet et les outils	2026-06-30T01:11:19.3555855Z   Stored in directory: /tmp/pip-ephem-wheel-cache-vqr88jpk/wheels/04/60/a5/d510eee30d2c2e6c422d48df22fda447f5971d510b750b0d07
static-and-tests (3.12)	Installer le projet et les outils	2026-06-30T01:11:19.3574825Z Successfully built corep-crr3-community
static-and-tests (3.12)	Installer le projet et les outils	2026-06-30T01:11:19.4000865Z Installing collected packages: typing_extensions, types-PyYAML, types-psycopg2, stevedore, ruff, PyYAML, pyproject_hooks, pygments, pluggy, pathspec, packaging, mypy_extensions, mdurl, librt, iniconfig, coverage, corep-crr3-community, pytest, mypy, markdown-it-py, build, rich, pytest-cov, bandit
static-and-tests (3.12)	Installer le projet et les outils	2026-06-30T01:11:22.8997937Z 
static-and-tests (3.12)	Installer le projet et les outils	2026-06-30T01:11:22.9025916Z Successfully installed PyYAML-6.0.3 bandit-1.9.4 build-1.5.0 corep-crr3-community-6.6.0 coverage-7.14.3 iniconfig-2.3.0 librt-0.11.0 markdown-it-py-4.2.0 mdurl-0.1.2 mypy-1.20.2 mypy_extensions-1.1.0 packaging-26.2 pathspec-1.1.1 pluggy-1.6.0 pygments-2.20.0 pyproject_hooks-1.2.0 pytest-9.1.1 pytest-cov-7.1.0 rich-15.0.0 ruff-0.15.20 stevedore-5.8.0 types-PyYAML-6.0.12.20260518 types-psycopg2-2.9.21.20260518 typing_extensions-4.15.0
static-and-tests (3.12)	Contrat public et manifeste de release	﻿2026-06-30T01:11:23.0246392Z ##[group]Run python tools/check_release_contract.py
static-and-tests (3.12)	Contrat public et manifeste de release	2026-06-30T01:11:23.0246839Z ^[[36;1mpython tools/check_release_contract.py^[[0m
static-and-tests (3.12)	Contrat public et manifeste de release	2026-06-30T01:11:23.0247200Z ^[[36;1mpython -m corep_crr3.release_integrity \^[[0m
static-and-tests (3.12)	Contrat public et manifeste de release	2026-06-30T01:11:23.0247606Z ^[[36;1m  --root . --manifest RELEASE_MANIFEST.json --version 6.0.4^[[0m
static-and-tests (3.12)	Contrat public et manifeste de release	2026-06-30T01:11:23.0282886Z shell: /usr/bin/bash -e {0}
static-and-tests (3.12)	Contrat public et manifeste de release	2026-06-30T01:11:23.0283160Z env:
static-and-tests (3.12)	Contrat public et manifeste de release	2026-06-30T01:11:23.0283450Z   pythonLocation: /opt/hostedtoolcache/Python/3.12.13/x64
static-and-tests (3.12)	Contrat public et manifeste de release	2026-06-30T01:11:23.0284080Z   PKG_CONFIG_PATH: /opt/hostedtoolcache/Python/3.12.13/x64/lib/pkgconfig
static-and-tests (3.12)	Contrat public et manifeste de release	2026-06-30T01:11:23.0284537Z   Python_ROOT_DIR: /opt/hostedtoolcache/Python/3.12.13/x64
static-and-tests (3.12)	Contrat public et manifeste de release	2026-06-30T01:11:23.0284937Z   Python2_ROOT_DIR: /opt/hostedtoolcache/Python/3.12.13/x64
static-and-tests (3.12)	Contrat public et manifeste de release	2026-06-30T01:11:23.0285315Z   Python3_ROOT_DIR: /opt/hostedtoolcache/Python/3.12.13/x64
static-and-tests (3.12)	Contrat public et manifeste de release	2026-06-30T01:11:23.0285713Z   LD_LIBRARY_PATH: /opt/hostedtoolcache/Python/3.12.13/x64/lib
static-and-tests (3.12)	Contrat public et manifeste de release	2026-06-30T01:11:23.0286058Z ##[endgroup]
static-and-tests (3.12)	Contrat public et manifeste de release	2026-06-30T01:11:23.0614855Z ERROR: Dérive de version : {'pyproject': '6.6.0', 'package': '6.0.4', 'README': '6.0.4', 'SQL contract': '6.0.4'}
static-and-tests (3.12)	Contrat public et manifeste de release	2026-06-30T01:11:23.0665942Z ##[error]Process completed with exit code 1.
static-and-tests (3.12)	Publier la couverture	﻿2026-06-30T01:11:23.0775441Z ##[group]Run actions/upload-artifact@043fb46d1a93c77aae656e7c1c64a875d1fc6a0a
static-and-tests (3.12)	Publier la couverture	2026-06-30T01:11:23.0775870Z with:
static-and-tests (3.12)	Publier la couverture	2026-06-30T01:11:23.0776098Z   name: community-coverage-py3.12
static-and-tests (3.12)	Publier la couverture	2026-06-30T01:11:23.0776475Z   path: coverage.xml
static-and-tests (3.12)	Publier la couverture	coverage.json
static-and-tests (3.12)	Publier la couverture	evidence/branch_coverage_v6_0_4.json
static-and-tests (3.12)	Publier la couverture	
static-and-tests (3.12)	Publier la couverture	2026-06-30T01:11:23.0776869Z   if-no-files-found: warn
static-and-tests (3.12)	Publier la couverture	2026-06-30T01:11:23.0777120Z   compression-level: 6
static-and-tests (3.12)	Publier la couverture	2026-06-30T01:11:23.0777353Z   overwrite: false
static-and-tests (3.12)	Publier la couverture	2026-06-30T01:11:23.0777585Z   include-hidden-files: false
static-and-tests (3.12)	Publier la couverture	2026-06-30T01:11:23.0777835Z   archive: true
static-and-tests (3.12)	Publier la couverture	2026-06-30T01:11:23.0778055Z env:
static-and-tests (3.12)	Publier la couverture	2026-06-30T01:11:23.0778342Z   pythonLocation: /opt/hostedtoolcache/Python/3.12.13/x64
static-and-tests (3.12)	Publier la couverture	2026-06-30T01:11:23.0798633Z   PKG_CONFIG_PATH: /opt/hostedtoolcache/Python/3.12.13/x64/lib/pkgconfig
static-and-tests (3.12)	Publier la couverture	2026-06-30T01:11:23.0799368Z   Python_ROOT_DIR: /opt/hostedtoolcache/Python/3.12.13/x64
static-and-tests (3.12)	Publier la couverture	2026-06-30T01:11:23.0799765Z   Python2_ROOT_DIR: /opt/hostedtoolcache/Python/3.12.13/x64
static-and-tests (3.12)	Publier la couverture	2026-06-30T01:11:23.0800154Z   Python3_ROOT_DIR: /opt/hostedtoolcache/Python/3.12.13/x64
static-and-tests (3.12)	Publier la couverture	2026-06-30T01:11:23.0800605Z   LD_LIBRARY_PATH: /opt/hostedtoolcache/Python/3.12.13/x64/lib
static-and-tests (3.12)	Publier la couverture	2026-06-30T01:11:23.0800940Z ##[endgroup]
static-and-tests (3.12)	Publier la couverture	2026-06-30T01:11:23.2201778Z Multiple search paths detected. Calculating the least common ancestor of all paths
static-and-tests (3.12)	Publier la couverture	2026-06-30T01:11:23.2204426Z The least common ancestor is /home/runner/work/Corep-engine-community/Corep-engine-community. This will be the root directory of the artifact
static-and-tests (3.12)	Publier la couverture	2026-06-30T01:11:23.2205342Z With the provided path, there will be 1 file uploaded
static-and-tests (3.12)	Publier la couverture	2026-06-30T01:11:23.2208300Z Artifact name is valid!
static-and-tests (3.12)	Publier la couverture	2026-06-30T01:11:23.2208895Z Root directory input is valid!
static-and-tests (3.12)	Publier la couverture	2026-06-30T01:11:23.4035737Z Uploading artifact: community-coverage-py3.12.zip
static-and-tests (3.12)	Publier la couverture	2026-06-30T01:11:23.4077356Z Beginning upload of artifact content to blob storage
static-and-tests (3.12)	Publier la couverture	2026-06-30T01:11:23.5420519Z Uploaded bytes 472
static-and-tests (3.12)	Publier la couverture	2026-06-30T01:11:23.5726216Z Finished uploading artifact content to blob storage!
static-and-tests (3.12)	Publier la couverture	2026-06-30T01:11:23.5726977Z SHA256 digest of uploaded artifact is fae952738a0f211b66a18ad4d6fd247a8234b3f9908b2aa248d187533db4c30a
static-and-tests (3.12)	Publier la couverture	2026-06-30T01:11:23.5727611Z Finalizing artifact upload
static-and-tests (3.12)	Publier la couverture	2026-06-30T01:11:23.7860404Z Artifact community-coverage-py3.12 successfully finalized. Artifact ID 7968502414
static-and-tests (3.12)	Publier la couverture	2026-06-30T01:11:23.7861909Z Artifact community-coverage-py3.12 has been successfully uploaded! Final size is 472 bytes. Artifact ID is 7968502414
static-and-tests (3.12)	Publier la couverture	2026-06-30T01:11:23.7865279Z Artifact download URL: https://github.com/charpentieralexandre93-ux/Corep-engine-community/actions/runs/28413396407/artifacts/7968502414
static-and-tests (3.12)	Post Run actions/checkout@df4cb1c069e1874edd31b4311f1884172cec0e10	﻿2026-06-30T01:11:23.8082611Z Post job cleanup.
static-and-tests (3.12)	Post Run actions/checkout@df4cb1c069e1874edd31b4311f1884172cec0e10	2026-06-30T01:11:23.8932636Z [command]/usr/bin/git version
static-and-tests (3.12)	Post Run actions/checkout@df4cb1c069e1874edd31b4311f1884172cec0e10	2026-06-30T01:11:23.8970099Z git version 2.54.0
static-and-tests (3.12)	Post Run actions/checkout@df4cb1c069e1874edd31b4311f1884172cec0e10	2026-06-30T01:11:23.9006322Z Temporarily overriding HOME='/home/runner/work/_temp/c194eb07-773a-4e92-8859-14c9d529b43d' before making global git config changes
static-and-tests (3.12)	Post Run actions/checkout@df4cb1c069e1874edd31b4311f1884172cec0e10	2026-06-30T01:11:23.9007585Z Adding repository directory to the temporary git global config as a safe directory
static-and-tests (3.12)	Post Run actions/checkout@df4cb1c069e1874edd31b4311f1884172cec0e10	2026-06-30T01:11:23.9011557Z [command]/usr/bin/git config --global --add safe.directory /home/runner/work/Corep-engine-community/Corep-engine-community
static-and-tests (3.12)	Post Run actions/checkout@df4cb1c069e1874edd31b4311f1884172cec0e10	2026-06-30T01:11:23.9043924Z Removing SSH command configuration
static-and-tests (3.12)	Post Run actions/checkout@df4cb1c069e1874edd31b4311f1884172cec0e10	2026-06-30T01:11:23.9050592Z [command]/usr/bin/git config --local --name-only --get-regexp core\.sshCommand
static-and-tests (3.12)	Post Run actions/checkout@df4cb1c069e1874edd31b4311f1884172cec0e10	2026-06-30T01:11:23.9085447Z [command]/usr/bin/git submodule foreach --recursive sh -c "git config --local --name-only --get-regexp 'core\.sshCommand' && git config --local --unset-all 'core.sshCommand' || :"
static-and-tests (3.12)	Post Run actions/checkout@df4cb1c069e1874edd31b4311f1884172cec0e10	2026-06-30T01:11:23.9354923Z Removing HTTP extra header
static-and-tests (3.12)	Post Run actions/checkout@df4cb1c069e1874edd31b4311f1884172cec0e10	2026-06-30T01:11:23.9359817Z [command]/usr/bin/git config --local --name-only --get-regexp http\.https\:\/\/github\.com\/\.extraheader
static-and-tests (3.12)	Post Run actions/checkout@df4cb1c069e1874edd31b4311f1884172cec0e10	2026-06-30T01:11:23.9394822Z [command]/usr/bin/git submodule foreach --recursive sh -c "git config --local --name-only --get-regexp 'http\.https\:\/\/github\.com\/\.extraheader' && git config --local --unset-all 'http.https://github.com/.extraheader' || :"
static-and-tests (3.12)	Post Run actions/checkout@df4cb1c069e1874edd31b4311f1884172cec0e10	2026-06-30T01:11:23.9626387Z Removing includeIf entries pointing to credentials config files
static-and-tests (3.12)	Post Run actions/checkout@df4cb1c069e1874edd31b4311f1884172cec0e10	2026-06-30T01:11:23.9632796Z [command]/usr/bin/git config --local --name-only --get-regexp ^includeIf\.gitdir:
static-and-tests (3.12)	Post Run actions/checkout@df4cb1c069e1874edd31b4311f1884172cec0e10	2026-06-30T01:11:23.9660283Z includeif.gitdir:/home/runner/work/Corep-engine-community/Corep-engine-community/.git.path
static-and-tests (3.12)	Post Run actions/checkout@df4cb1c069e1874edd31b4311f1884172cec0e10	2026-06-30T01:11:23.9661131Z includeif.gitdir:/home/runner/work/Corep-engine-community/Corep-engine-community/.git/worktrees/*.path
static-and-tests (3.12)	Post Run actions/checkout@df4cb1c069e1874edd31b4311f1884172cec0e10	2026-06-30T01:11:23.9661708Z includeif.gitdir:/github/workspace/.git.path
static-and-tests (3.12)	Post Run actions/checkout@df4cb1c069e1874edd31b4311f1884172cec0e10	2026-06-30T01:11:23.9662109Z includeif.gitdir:/github/workspace/.git/worktrees/*.path
static-and-tests (3.12)	Post Run actions/checkout@df4cb1c069e1874edd31b4311f1884172cec0e10	2026-06-30T01:11:23.9668665Z [command]/usr/bin/git config --local --get-all includeif.gitdir:/home/runner/work/Corep-engine-community/Corep-engine-community/.git.path
static-and-tests (3.12)	Post Run actions/checkout@df4cb1c069e1874edd31b4311f1884172cec0e10	2026-06-30T01:11:23.9690511Z /home/runner/work/_temp/git-credentials-41e40171-cf44-4ba1-a33a-229a9d3572c6.config
static-and-tests (3.12)	Post Run actions/checkout@df4cb1c069e1874edd31b4311f1884172cec0e10	2026-06-30T01:11:23.9702069Z [command]/usr/bin/git config --local --unset includeif.gitdir:/home/runner/work/Corep-engine-community/Corep-engine-community/.git.path /home/runner/work/_temp/git-credentials-41e40171-cf44-4ba1-a33a-229a9d3572c6.config
static-and-tests (3.12)	Post Run actions/checkout@df4cb1c069e1874edd31b4311f1884172cec0e10	2026-06-30T01:11:23.9738486Z [command]/usr/bin/git config --local --get-all includeif.gitdir:/home/runner/work/Corep-engine-community/Corep-engine-community/.git/worktrees/*.path
static-and-tests (3.12)	Post Run actions/checkout@df4cb1c069e1874edd31b4311f1884172cec0e10	2026-06-30T01:11:23.9761384Z /home/runner/work/_temp/git-credentials-41e40171-cf44-4ba1-a33a-229a9d3572c6.config
static-and-tests (3.12)	Post Run actions/checkout@df4cb1c069e1874edd31b4311f1884172cec0e10	2026-06-30T01:11:23.9770603Z [command]/usr/bin/git config --local --unset includeif.gitdir:/home/runner/work/Corep-engine-community/Corep-engine-community/.git/worktrees/*.path /home/runner/work/_temp/git-credentials-41e40171-cf44-4ba1-a33a-229a9d3572c6.config
static-and-tests (3.12)	Post Run actions/checkout@df4cb1c069e1874edd31b4311f1884172cec0e10	2026-06-30T01:11:23.9803508Z [command]/usr/bin/git config --local --get-all includeif.gitdir:/github/workspace/.git.path
static-and-tests (3.12)	Post Run actions/checkout@df4cb1c069e1874edd31b4311f1884172cec0e10	2026-06-30T01:11:23.9825438Z /github/runner_temp/git-credentials-41e40171-cf44-4ba1-a33a-229a9d3572c6.config
static-and-tests (3.12)	Post Run actions/checkout@df4cb1c069e1874edd31b4311f1884172cec0e10	2026-06-30T01:11:23.9832650Z [command]/usr/bin/git config --local --unset includeif.gitdir:/github/workspace/.git.path /github/runner_temp/git-credentials-41e40171-cf44-4ba1-a33a-229a9d3572c6.config
static-and-tests (3.12)	Post Run actions/checkout@df4cb1c069e1874edd31b4311f1884172cec0e10	2026-06-30T01:11:23.9866023Z [command]/usr/bin/git config --local --get-all includeif.gitdir:/github/workspace/.git/worktrees/*.path
static-and-tests (3.12)	Post Run actions/checkout@df4cb1c069e1874edd31b4311f1884172cec0e10	2026-06-30T01:11:23.9887790Z /github/runner_temp/git-credentials-41e40171-cf44-4ba1-a33a-229a9d3572c6.config
static-and-tests (3.12)	Post Run actions/checkout@df4cb1c069e1874edd31b4311f1884172cec0e10	2026-06-30T01:11:23.9897927Z [command]/usr/bin/git config --local --unset includeif.gitdir:/github/workspace/.git/worktrees/*.path /github/runner_temp/git-credentials-41e40171-cf44-4ba1-a33a-229a9d3572c6.config
static-and-tests (3.12)	Post Run actions/checkout@df4cb1c069e1874edd31b4311f1884172cec0e10	2026-06-30T01:11:23.9931122Z [command]/usr/bin/git submodule foreach --recursive git config --local --show-origin --name-only --get-regexp remote.origin.url
static-and-tests (3.12)	Post Run actions/checkout@df4cb1c069e1874edd31b4311f1884172cec0e10	2026-06-30T01:11:24.0172747Z Removing credentials config '/home/runner/work/_temp/git-credentials-41e40171-cf44-4ba1-a33a-229a9d3572c6.config'
static-and-tests (3.12)	Complete job	﻿2026-06-30T01:11:24.0341523Z Cleaning up orphan processes
