supply-chain	Set up job	﻿2026-06-30T01:11:10.5700462Z Current runner version: '2.335.1'
supply-chain	Set up job	2026-06-30T01:11:10.5722836Z ##[group]Runner Image Provisioner
supply-chain	Set up job	2026-06-30T01:11:10.5723704Z Hosted Compute Agent
supply-chain	Set up job	2026-06-30T01:11:10.5724247Z Version: 20260611.554
supply-chain	Set up job	2026-06-30T01:11:10.5724902Z Commit: 5e0782fdc9014723d3be820dd114dd31555c2bd1
supply-chain	Set up job	2026-06-30T01:11:10.5725579Z Build Date: 2026-06-11T21:40:46Z
supply-chain	Set up job	2026-06-30T01:11:10.5726475Z Worker ID: {6f8a381c-a549-4a6e-8225-19fe50a2a653}
supply-chain	Set up job	2026-06-30T01:11:10.5727216Z Azure Region: centralus
supply-chain	Set up job	2026-06-30T01:11:10.5727742Z ##[endgroup]
supply-chain	Set up job	2026-06-30T01:11:10.5729163Z ##[group]Operating System
supply-chain	Set up job	2026-06-30T01:11:10.5729799Z Ubuntu
supply-chain	Set up job	2026-06-30T01:11:10.5730280Z 24.04.4
supply-chain	Set up job	2026-06-30T01:11:10.5730752Z LTS
supply-chain	Set up job	2026-06-30T01:11:10.5731232Z ##[endgroup]
supply-chain	Set up job	2026-06-30T01:11:10.5731756Z ##[group]Runner Image
supply-chain	Set up job	2026-06-30T01:11:10.5732347Z Image: ubuntu-24.04
supply-chain	Set up job	2026-06-30T01:11:10.5732864Z Version: 20260622.220.1
supply-chain	Set up job	2026-06-30T01:11:10.5733807Z Included Software: https://github.com/actions/runner-images/blob/ubuntu24/20260622.220/images/ubuntu/Ubuntu2404-Readme.md
supply-chain	Set up job	2026-06-30T01:11:10.5735410Z Image Release: https://github.com/actions/runner-images/releases/tag/ubuntu24%2F20260622.220
supply-chain	Set up job	2026-06-30T01:11:10.5736486Z ##[endgroup]
supply-chain	Set up job	2026-06-30T01:11:10.5737509Z ##[group]GITHUB_TOKEN Permissions
supply-chain	Set up job	2026-06-30T01:11:10.5739638Z Contents: read
supply-chain	Set up job	2026-06-30T01:11:10.5740190Z Metadata: read
supply-chain	Set up job	2026-06-30T01:11:10.5740702Z ##[endgroup]
supply-chain	Set up job	2026-06-30T01:11:10.5742759Z Secret source: Actions
supply-chain	Set up job	2026-06-30T01:11:10.5743708Z Prepare workflow directory
supply-chain	Set up job	2026-06-30T01:11:10.6050724Z Prepare all required actions
supply-chain	Set up job	2026-06-30T01:11:10.6087031Z Getting action download info
supply-chain	Set up job	2026-06-30T01:11:10.8503449Z Download action repository 'actions/checkout@df4cb1c069e1874edd31b4311f1884172cec0e10' (SHA:df4cb1c069e1874edd31b4311f1884172cec0e10)
supply-chain	Set up job	2026-06-30T01:11:10.9085024Z Download action repository 'actions/setup-python@a309ff8b426b58ec0e2a45f0f869d46889d02405' (SHA:a309ff8b426b58ec0e2a45f0f869d46889d02405)
supply-chain	Set up job	2026-06-30T01:11:10.9639081Z Download action repository 'actions/upload-artifact@043fb46d1a93c77aae656e7c1c64a875d1fc6a0a' (SHA:043fb46d1a93c77aae656e7c1c64a875d1fc6a0a)
supply-chain	Set up job	2026-06-30T01:11:11.1233524Z Complete job name: supply-chain
supply-chain	Run actions/checkout@df4cb1c069e1874edd31b4311f1884172cec0e10	﻿2026-06-30T01:11:11.1977565Z ##[group]Run actions/checkout@df4cb1c069e1874edd31b4311f1884172cec0e10
supply-chain	Run actions/checkout@df4cb1c069e1874edd31b4311f1884172cec0e10	2026-06-30T01:11:11.1978521Z with:
supply-chain	Run actions/checkout@df4cb1c069e1874edd31b4311f1884172cec0e10	2026-06-30T01:11:11.1979060Z   repository: charpentieralexandre93-ux/Corep-engine-community
supply-chain	Run actions/checkout@df4cb1c069e1874edd31b4311f1884172cec0e10	2026-06-30T01:11:11.1983046Z   token: ***
supply-chain	Run actions/checkout@df4cb1c069e1874edd31b4311f1884172cec0e10	2026-06-30T01:11:11.1983449Z   ssh-strict: true
supply-chain	Run actions/checkout@df4cb1c069e1874edd31b4311f1884172cec0e10	2026-06-30T01:11:11.1983861Z   ssh-user: git
supply-chain	Run actions/checkout@df4cb1c069e1874edd31b4311f1884172cec0e10	2026-06-30T01:11:11.1984267Z   persist-credentials: true
supply-chain	Run actions/checkout@df4cb1c069e1874edd31b4311f1884172cec0e10	2026-06-30T01:11:11.1984715Z   clean: true
supply-chain	Run actions/checkout@df4cb1c069e1874edd31b4311f1884172cec0e10	2026-06-30T01:11:11.1985133Z   sparse-checkout-cone-mode: true
supply-chain	Run actions/checkout@df4cb1c069e1874edd31b4311f1884172cec0e10	2026-06-30T01:11:11.1985621Z   fetch-depth: 1
supply-chain	Run actions/checkout@df4cb1c069e1874edd31b4311f1884172cec0e10	2026-06-30T01:11:11.1986209Z   fetch-tags: false
supply-chain	Run actions/checkout@df4cb1c069e1874edd31b4311f1884172cec0e10	2026-06-30T01:11:11.1986623Z   show-progress: true
supply-chain	Run actions/checkout@df4cb1c069e1874edd31b4311f1884172cec0e10	2026-06-30T01:11:11.1987035Z   lfs: false
supply-chain	Run actions/checkout@df4cb1c069e1874edd31b4311f1884172cec0e10	2026-06-30T01:11:11.1987420Z   submodules: false
supply-chain	Run actions/checkout@df4cb1c069e1874edd31b4311f1884172cec0e10	2026-06-30T01:11:11.1987839Z   set-safe-directory: true
supply-chain	Run actions/checkout@df4cb1c069e1874edd31b4311f1884172cec0e10	2026-06-30T01:11:11.1988508Z ##[endgroup]
supply-chain	Run actions/checkout@df4cb1c069e1874edd31b4311f1884172cec0e10	2026-06-30T01:11:11.2951506Z Syncing repository: charpentieralexandre93-ux/Corep-engine-community
supply-chain	Run actions/checkout@df4cb1c069e1874edd31b4311f1884172cec0e10	2026-06-30T01:11:11.2953464Z ##[group]Getting Git version info
supply-chain	Run actions/checkout@df4cb1c069e1874edd31b4311f1884172cec0e10	2026-06-30T01:11:11.2954278Z Working directory is '/home/runner/work/Corep-engine-community/Corep-engine-community'
supply-chain	Run actions/checkout@df4cb1c069e1874edd31b4311f1884172cec0e10	2026-06-30T01:11:11.2955543Z [command]/usr/bin/git version
supply-chain	Run actions/checkout@df4cb1c069e1874edd31b4311f1884172cec0e10	2026-06-30T01:11:11.3002924Z git version 2.54.0
supply-chain	Run actions/checkout@df4cb1c069e1874edd31b4311f1884172cec0e10	2026-06-30T01:11:11.3021895Z ##[endgroup]
supply-chain	Run actions/checkout@df4cb1c069e1874edd31b4311f1884172cec0e10	2026-06-30T01:11:11.3034844Z Temporarily overriding HOME='/home/runner/work/_temp/8964520e-11c0-43c3-ac06-4c05cca035ed' before making global git config changes
supply-chain	Run actions/checkout@df4cb1c069e1874edd31b4311f1884172cec0e10	2026-06-30T01:11:11.3036741Z Adding repository directory to the temporary git global config as a safe directory
supply-chain	Run actions/checkout@df4cb1c069e1874edd31b4311f1884172cec0e10	2026-06-30T01:11:11.3040243Z [command]/usr/bin/git config --global --add safe.directory /home/runner/work/Corep-engine-community/Corep-engine-community
supply-chain	Run actions/checkout@df4cb1c069e1874edd31b4311f1884172cec0e10	2026-06-30T01:11:11.3079523Z Deleting the contents of '/home/runner/work/Corep-engine-community/Corep-engine-community'
supply-chain	Run actions/checkout@df4cb1c069e1874edd31b4311f1884172cec0e10	2026-06-30T01:11:11.3082647Z ##[group]Determining repository object format
supply-chain	Run actions/checkout@df4cb1c069e1874edd31b4311f1884172cec0e10	2026-06-30T01:11:11.3085094Z ##[endgroup]
supply-chain	Run actions/checkout@df4cb1c069e1874edd31b4311f1884172cec0e10	2026-06-30T01:11:11.3086200Z ##[group]Initializing the repository
supply-chain	Run actions/checkout@df4cb1c069e1874edd31b4311f1884172cec0e10	2026-06-30T01:11:11.3089956Z [command]/usr/bin/git init /home/runner/work/Corep-engine-community/Corep-engine-community
supply-chain	Run actions/checkout@df4cb1c069e1874edd31b4311f1884172cec0e10	2026-06-30T01:11:11.3169722Z hint: Using 'master' as the name for the initial branch. This default branch name
supply-chain	Run actions/checkout@df4cb1c069e1874edd31b4311f1884172cec0e10	2026-06-30T01:11:11.3170791Z hint: will change to "main" in Git 3.0. To configure the initial branch name
supply-chain	Run actions/checkout@df4cb1c069e1874edd31b4311f1884172cec0e10	2026-06-30T01:11:11.3171733Z hint: to use in all of your new repositories, which will suppress this warning,
supply-chain	Run actions/checkout@df4cb1c069e1874edd31b4311f1884172cec0e10	2026-06-30T01:11:11.3172913Z hint: call:
supply-chain	Run actions/checkout@df4cb1c069e1874edd31b4311f1884172cec0e10	2026-06-30T01:11:11.3173584Z hint:
supply-chain	Run actions/checkout@df4cb1c069e1874edd31b4311f1884172cec0e10	2026-06-30T01:11:11.3174426Z hint: 	git config --global init.defaultBranch <name>
supply-chain	Run actions/checkout@df4cb1c069e1874edd31b4311f1884172cec0e10	2026-06-30T01:11:11.3175259Z hint:
supply-chain	Run actions/checkout@df4cb1c069e1874edd31b4311f1884172cec0e10	2026-06-30T01:11:11.3176280Z hint: Names commonly chosen instead of 'master' are 'main', 'trunk' and
supply-chain	Run actions/checkout@df4cb1c069e1874edd31b4311f1884172cec0e10	2026-06-30T01:11:11.3177150Z hint: 'development'. The just-created branch can be renamed via this command:
supply-chain	Run actions/checkout@df4cb1c069e1874edd31b4311f1884172cec0e10	2026-06-30T01:11:11.3177824Z hint:
supply-chain	Run actions/checkout@df4cb1c069e1874edd31b4311f1884172cec0e10	2026-06-30T01:11:11.3178272Z hint: 	git branch -m <name>
supply-chain	Run actions/checkout@df4cb1c069e1874edd31b4311f1884172cec0e10	2026-06-30T01:11:11.3179024Z hint:
supply-chain	Run actions/checkout@df4cb1c069e1874edd31b4311f1884172cec0e10	2026-06-30T01:11:11.3179644Z hint: Disable this message with "git config set advice.defaultBranchName false"
supply-chain	Run actions/checkout@df4cb1c069e1874edd31b4311f1884172cec0e10	2026-06-30T01:11:11.3180739Z Initialized empty Git repository in /home/runner/work/Corep-engine-community/Corep-engine-community/.git/
supply-chain	Run actions/checkout@df4cb1c069e1874edd31b4311f1884172cec0e10	2026-06-30T01:11:11.3183192Z [command]/usr/bin/git remote add origin https://github.com/charpentieralexandre93-ux/Corep-engine-community
supply-chain	Run actions/checkout@df4cb1c069e1874edd31b4311f1884172cec0e10	2026-06-30T01:11:11.3216495Z ##[endgroup]
supply-chain	Run actions/checkout@df4cb1c069e1874edd31b4311f1884172cec0e10	2026-06-30T01:11:11.3217258Z ##[group]Disabling automatic garbage collection
supply-chain	Run actions/checkout@df4cb1c069e1874edd31b4311f1884172cec0e10	2026-06-30T01:11:11.3219901Z [command]/usr/bin/git config --local gc.auto 0
supply-chain	Run actions/checkout@df4cb1c069e1874edd31b4311f1884172cec0e10	2026-06-30T01:11:11.3241840Z ##[endgroup]
supply-chain	Run actions/checkout@df4cb1c069e1874edd31b4311f1884172cec0e10	2026-06-30T01:11:11.3242987Z ##[group]Setting up auth
supply-chain	Run actions/checkout@df4cb1c069e1874edd31b4311f1884172cec0e10	2026-06-30T01:11:11.3243625Z Removing SSH command configuration
supply-chain	Run actions/checkout@df4cb1c069e1874edd31b4311f1884172cec0e10	2026-06-30T01:11:11.3247285Z [command]/usr/bin/git config --local --name-only --get-regexp core\.sshCommand
supply-chain	Run actions/checkout@df4cb1c069e1874edd31b4311f1884172cec0e10	2026-06-30T01:11:11.3273408Z [command]/usr/bin/git submodule foreach --recursive sh -c "git config --local --name-only --get-regexp 'core\.sshCommand' && git config --local --unset-all 'core.sshCommand' || :"
supply-chain	Run actions/checkout@df4cb1c069e1874edd31b4311f1884172cec0e10	2026-06-30T01:11:11.3526478Z Removing HTTP extra header
supply-chain	Run actions/checkout@df4cb1c069e1874edd31b4311f1884172cec0e10	2026-06-30T01:11:11.3531078Z [command]/usr/bin/git config --local --name-only --get-regexp http\.https\:\/\/github\.com\/\.extraheader
supply-chain	Run actions/checkout@df4cb1c069e1874edd31b4311f1884172cec0e10	2026-06-30T01:11:11.3553300Z [command]/usr/bin/git submodule foreach --recursive sh -c "git config --local --name-only --get-regexp 'http\.https\:\/\/github\.com\/\.extraheader' && git config --local --unset-all 'http.https://github.com/.extraheader' || :"
supply-chain	Run actions/checkout@df4cb1c069e1874edd31b4311f1884172cec0e10	2026-06-30T01:11:11.3711016Z Removing includeIf entries pointing to credentials config files
supply-chain	Run actions/checkout@df4cb1c069e1874edd31b4311f1884172cec0e10	2026-06-30T01:11:11.3716292Z [command]/usr/bin/git config --local --name-only --get-regexp ^includeIf\.gitdir:
supply-chain	Run actions/checkout@df4cb1c069e1874edd31b4311f1884172cec0e10	2026-06-30T01:11:11.3738516Z [command]/usr/bin/git submodule foreach --recursive git config --local --show-origin --name-only --get-regexp remote.origin.url
supply-chain	Run actions/checkout@df4cb1c069e1874edd31b4311f1884172cec0e10	2026-06-30T01:11:11.3903541Z [command]/usr/bin/git config --file /home/runner/work/_temp/git-credentials-46c60293-ccbf-4081-bac3-fd99b2690e2c.config http.https://github.com/.extraheader AUTHORIZATION: basic ***
supply-chain	Run actions/checkout@df4cb1c069e1874edd31b4311f1884172cec0e10	2026-06-30T01:11:11.3931779Z [command]/usr/bin/git config --local includeIf.gitdir:/home/runner/work/Corep-engine-community/Corep-engine-community/.git.path /home/runner/work/_temp/git-credentials-46c60293-ccbf-4081-bac3-fd99b2690e2c.config
supply-chain	Run actions/checkout@df4cb1c069e1874edd31b4311f1884172cec0e10	2026-06-30T01:11:11.3955782Z [command]/usr/bin/git config --local includeIf.gitdir:/home/runner/work/Corep-engine-community/Corep-engine-community/.git/worktrees/*.path /home/runner/work/_temp/git-credentials-46c60293-ccbf-4081-bac3-fd99b2690e2c.config
supply-chain	Run actions/checkout@df4cb1c069e1874edd31b4311f1884172cec0e10	2026-06-30T01:11:11.3981622Z [command]/usr/bin/git config --local includeIf.gitdir:/github/workspace/.git.path /github/runner_temp/git-credentials-46c60293-ccbf-4081-bac3-fd99b2690e2c.config
supply-chain	Run actions/checkout@df4cb1c069e1874edd31b4311f1884172cec0e10	2026-06-30T01:11:11.4006290Z [command]/usr/bin/git config --local includeIf.gitdir:/github/workspace/.git/worktrees/*.path /github/runner_temp/git-credentials-46c60293-ccbf-4081-bac3-fd99b2690e2c.config
supply-chain	Run actions/checkout@df4cb1c069e1874edd31b4311f1884172cec0e10	2026-06-30T01:11:11.4028179Z ##[endgroup]
supply-chain	Run actions/checkout@df4cb1c069e1874edd31b4311f1884172cec0e10	2026-06-30T01:11:11.4028897Z ##[group]Fetching the repository
supply-chain	Run actions/checkout@df4cb1c069e1874edd31b4311f1884172cec0e10	2026-06-30T01:11:11.4035250Z [command]/usr/bin/git -c protocol.version=2 fetch --no-tags --prune --no-recurse-submodules --depth=1 origin +fc76f59b569bd2d113feb6df10d62fcd590e110b:refs/remotes/pull/25/merge
supply-chain	Run actions/checkout@df4cb1c069e1874edd31b4311f1884172cec0e10	2026-06-30T01:11:11.8040996Z From https://github.com/charpentieralexandre93-ux/Corep-engine-community
supply-chain	Run actions/checkout@df4cb1c069e1874edd31b4311f1884172cec0e10	2026-06-30T01:11:11.8067525Z  * [new ref]         fc76f59b569bd2d113feb6df10d62fcd590e110b -> pull/25/merge
supply-chain	Run actions/checkout@df4cb1c069e1874edd31b4311f1884172cec0e10	2026-06-30T01:11:11.8070185Z ##[endgroup]
supply-chain	Run actions/checkout@df4cb1c069e1874edd31b4311f1884172cec0e10	2026-06-30T01:11:11.8071343Z ##[group]Determining the checkout info
supply-chain	Run actions/checkout@df4cb1c069e1874edd31b4311f1884172cec0e10	2026-06-30T01:11:11.8072287Z ##[endgroup]
supply-chain	Run actions/checkout@df4cb1c069e1874edd31b4311f1884172cec0e10	2026-06-30T01:11:11.8076523Z [command]/usr/bin/git sparse-checkout disable
supply-chain	Run actions/checkout@df4cb1c069e1874edd31b4311f1884172cec0e10	2026-06-30T01:11:11.8110762Z [command]/usr/bin/git config --local --unset-all extensions.worktreeConfig
supply-chain	Run actions/checkout@df4cb1c069e1874edd31b4311f1884172cec0e10	2026-06-30T01:11:11.8133830Z ##[group]Checking out the ref
supply-chain	Run actions/checkout@df4cb1c069e1874edd31b4311f1884172cec0e10	2026-06-30T01:11:11.8136422Z [command]/usr/bin/git checkout --progress --force refs/remotes/pull/25/merge
supply-chain	Run actions/checkout@df4cb1c069e1874edd31b4311f1884172cec0e10	2026-06-30T01:11:11.8238159Z Note: switching to 'refs/remotes/pull/25/merge'.
supply-chain	Run actions/checkout@df4cb1c069e1874edd31b4311f1884172cec0e10	2026-06-30T01:11:11.8239215Z 
supply-chain	Run actions/checkout@df4cb1c069e1874edd31b4311f1884172cec0e10	2026-06-30T01:11:11.8239931Z You are in 'detached HEAD' state. You can look around, make experimental
supply-chain	Run actions/checkout@df4cb1c069e1874edd31b4311f1884172cec0e10	2026-06-30T01:11:11.8240948Z changes and commit them, and you can discard any commits you make in this
supply-chain	Run actions/checkout@df4cb1c069e1874edd31b4311f1884172cec0e10	2026-06-30T01:11:11.8242147Z state without impacting any branches by switching back to a branch.
supply-chain	Run actions/checkout@df4cb1c069e1874edd31b4311f1884172cec0e10	2026-06-30T01:11:11.8243075Z 
supply-chain	Run actions/checkout@df4cb1c069e1874edd31b4311f1884172cec0e10	2026-06-30T01:11:11.8243483Z If you want to create a new branch to retain commits you create, you may
supply-chain	Run actions/checkout@df4cb1c069e1874edd31b4311f1884172cec0e10	2026-06-30T01:11:11.8244400Z do so (now or later) by using -c with the switch command. Example:
supply-chain	Run actions/checkout@df4cb1c069e1874edd31b4311f1884172cec0e10	2026-06-30T01:11:11.8244922Z 
supply-chain	Run actions/checkout@df4cb1c069e1874edd31b4311f1884172cec0e10	2026-06-30T01:11:11.8245361Z   git switch -c <new-branch-name>
supply-chain	Run actions/checkout@df4cb1c069e1874edd31b4311f1884172cec0e10	2026-06-30T01:11:11.8245874Z 
supply-chain	Run actions/checkout@df4cb1c069e1874edd31b4311f1884172cec0e10	2026-06-30T01:11:11.8246295Z Or undo this operation with:
supply-chain	Run actions/checkout@df4cb1c069e1874edd31b4311f1884172cec0e10	2026-06-30T01:11:11.8246655Z 
supply-chain	Run actions/checkout@df4cb1c069e1874edd31b4311f1884172cec0e10	2026-06-30T01:11:11.8246876Z   git switch -
supply-chain	Run actions/checkout@df4cb1c069e1874edd31b4311f1884172cec0e10	2026-06-30T01:11:11.8247168Z 
supply-chain	Run actions/checkout@df4cb1c069e1874edd31b4311f1884172cec0e10	2026-06-30T01:11:11.8247597Z Turn off this advice by setting config variable advice.detachedHead to false
supply-chain	Run actions/checkout@df4cb1c069e1874edd31b4311f1884172cec0e10	2026-06-30T01:11:11.8248195Z 
supply-chain	Run actions/checkout@df4cb1c069e1874edd31b4311f1884172cec0e10	2026-06-30T01:11:11.8248863Z HEAD is now at fc76f59 Merge 97b4ea15138b9f5d6483b7b9cf51bf9cc099792b into bd79badc68cc8dce7c5b243d7b30440624b33180
supply-chain	Run actions/checkout@df4cb1c069e1874edd31b4311f1884172cec0e10	2026-06-30T01:11:11.8251166Z ##[endgroup]
supply-chain	Run actions/checkout@df4cb1c069e1874edd31b4311f1884172cec0e10	2026-06-30T01:11:11.8273147Z [command]/usr/bin/git log -1 --format=%H
supply-chain	Run actions/checkout@df4cb1c069e1874edd31b4311f1884172cec0e10	2026-06-30T01:11:11.8290837Z fc76f59b569bd2d113feb6df10d62fcd590e110b
supply-chain	Run actions/setup-python@a309ff8b426b58ec0e2a45f0f869d46889d02405	﻿2026-06-30T01:11:11.8537236Z ##[group]Run actions/setup-python@a309ff8b426b58ec0e2a45f0f869d46889d02405
supply-chain	Run actions/setup-python@a309ff8b426b58ec0e2a45f0f869d46889d02405	2026-06-30T01:11:11.8538080Z with:
supply-chain	Run actions/setup-python@a309ff8b426b58ec0e2a45f0f869d46889d02405	2026-06-30T01:11:11.8538532Z   python-version: 3.11
supply-chain	Run actions/setup-python@a309ff8b426b58ec0e2a45f0f869d46889d02405	2026-06-30T01:11:11.8539024Z   cache: pip
supply-chain	Run actions/setup-python@a309ff8b426b58ec0e2a45f0f869d46889d02405	2026-06-30T01:11:11.8539475Z   check-latest: false
supply-chain	Run actions/setup-python@a309ff8b426b58ec0e2a45f0f869d46889d02405	2026-06-30T01:11:11.8543963Z   token: ***
supply-chain	Run actions/setup-python@a309ff8b426b58ec0e2a45f0f869d46889d02405	2026-06-30T01:11:11.8544436Z   update-environment: true
supply-chain	Run actions/setup-python@a309ff8b426b58ec0e2a45f0f869d46889d02405	2026-06-30T01:11:11.8545006Z   allow-prereleases: false
supply-chain	Run actions/setup-python@a309ff8b426b58ec0e2a45f0f869d46889d02405	2026-06-30T01:11:11.8545531Z   freethreaded: false
supply-chain	Run actions/setup-python@a309ff8b426b58ec0e2a45f0f869d46889d02405	2026-06-30T01:11:11.8546131Z ##[endgroup]
supply-chain	Run actions/setup-python@a309ff8b426b58ec0e2a45f0f869d46889d02405	2026-06-30T01:11:11.9755073Z ##[group]Installed versions
supply-chain	Run actions/setup-python@a309ff8b426b58ec0e2a45f0f869d46889d02405	2026-06-30T01:11:11.9847741Z Successfully set up CPython (3.11.15)
supply-chain	Run actions/setup-python@a309ff8b426b58ec0e2a45f0f869d46889d02405	2026-06-30T01:11:11.9849719Z ##[endgroup]
supply-chain	Run actions/setup-python@a309ff8b426b58ec0e2a45f0f869d46889d02405	2026-06-30T01:11:12.0434548Z [command]/opt/hostedtoolcache/Python/3.11.15/x64/bin/pip cache dir
supply-chain	Run actions/setup-python@a309ff8b426b58ec0e2a45f0f869d46889d02405	2026-06-30T01:11:12.3125809Z /home/runner/.cache/pip
supply-chain	Run actions/setup-python@a309ff8b426b58ec0e2a45f0f869d46889d02405	2026-06-30T01:11:12.4875915Z Cache hit for restore-key: setup-python-Linux-x64-24.04-Ubuntu-python-3.11.15-pip-8465f91af38e1dc7cc3b689dd3103ece0082692ca9222117eb9f8cbd462c130e
supply-chain	Run actions/setup-python@a309ff8b426b58ec0e2a45f0f869d46889d02405	2026-06-30T01:11:13.6420123Z Received 67108864 of 109397917 (61.3%), 64.0 MBs/sec
supply-chain	Run actions/setup-python@a309ff8b426b58ec0e2a45f0f869d46889d02405	2026-06-30T01:11:13.8778007Z Received 109397917 of 109397917 (100.0%), 84.4 MBs/sec
supply-chain	Run actions/setup-python@a309ff8b426b58ec0e2a45f0f869d46889d02405	2026-06-30T01:11:13.8778944Z Cache Size: ~104 MB (109397917 B)
supply-chain	Run actions/setup-python@a309ff8b426b58ec0e2a45f0f869d46889d02405	2026-06-30T01:11:13.8895456Z [command]/usr/bin/tar -xf /home/runner/work/_temp/7c98db15-560d-465e-bf0d-be98cd6d3704/cache.tzst -P -C /home/runner/work/Corep-engine-community/Corep-engine-community --use-compress-program unzstd
supply-chain	Run actions/setup-python@a309ff8b426b58ec0e2a45f0f869d46889d02405	2026-06-30T01:11:14.0085094Z Cache restored successfully
supply-chain	Run actions/setup-python@a309ff8b426b58ec0e2a45f0f869d46889d02405	2026-06-30T01:11:14.0126534Z Cache restored from key: setup-python-Linux-x64-24.04-Ubuntu-python-3.11.15-pip-8465f91af38e1dc7cc3b689dd3103ece0082692ca9222117eb9f8cbd462c130e
supply-chain	Run python -m pip install --require-hashes -r requirements-dev-py311-linux.lock	﻿2026-06-30T01:11:14.0266252Z ##[group]Run python -m pip install --require-hashes -r requirements-dev-py311-linux.lock
supply-chain	Run python -m pip install --require-hashes -r requirements-dev-py311-linux.lock	2026-06-30T01:11:14.0267263Z ^[[36;1mpython -m pip install --require-hashes -r requirements-dev-py311-linux.lock^[[0m
supply-chain	Run python -m pip install --require-hashes -r requirements-dev-py311-linux.lock	2026-06-30T01:11:14.0267826Z ^[[36;1mpython -m pip install --no-deps -e ".[dev,postgres]"^[[0m
supply-chain	Run python -m pip install --require-hashes -r requirements-dev-py311-linux.lock	2026-06-30T01:11:14.0392027Z shell: /usr/bin/bash -e {0}
supply-chain	Run python -m pip install --require-hashes -r requirements-dev-py311-linux.lock	2026-06-30T01:11:14.0392375Z env:
supply-chain	Run python -m pip install --require-hashes -r requirements-dev-py311-linux.lock	2026-06-30T01:11:14.0392702Z   pythonLocation: /opt/hostedtoolcache/Python/3.11.15/x64
supply-chain	Run python -m pip install --require-hashes -r requirements-dev-py311-linux.lock	2026-06-30T01:11:14.0393190Z   PKG_CONFIG_PATH: /opt/hostedtoolcache/Python/3.11.15/x64/lib/pkgconfig
supply-chain	Run python -m pip install --require-hashes -r requirements-dev-py311-linux.lock	2026-06-30T01:11:14.0393661Z   Python_ROOT_DIR: /opt/hostedtoolcache/Python/3.11.15/x64
supply-chain	Run python -m pip install --require-hashes -r requirements-dev-py311-linux.lock	2026-06-30T01:11:14.0394084Z   Python2_ROOT_DIR: /opt/hostedtoolcache/Python/3.11.15/x64
supply-chain	Run python -m pip install --require-hashes -r requirements-dev-py311-linux.lock	2026-06-30T01:11:14.0394548Z   Python3_ROOT_DIR: /opt/hostedtoolcache/Python/3.11.15/x64
supply-chain	Run python -m pip install --require-hashes -r requirements-dev-py311-linux.lock	2026-06-30T01:11:14.0394979Z   LD_LIBRARY_PATH: /opt/hostedtoolcache/Python/3.11.15/x64/lib
supply-chain	Run python -m pip install --require-hashes -r requirements-dev-py311-linux.lock	2026-06-30T01:11:14.0395332Z ##[endgroup]
supply-chain	Run python -m pip install --require-hashes -r requirements-dev-py311-linux.lock	2026-06-30T01:11:14.7382237Z Collecting arrow==1.4.0 (from -r requirements-dev-py311-linux.lock (line 6))
supply-chain	Run python -m pip install --require-hashes -r requirements-dev-py311-linux.lock	2026-06-30T01:11:14.7397216Z   Using cached arrow-1.4.0-py3-none-any.whl (68 kB)
supply-chain	Run python -m pip install --require-hashes -r requirements-dev-py311-linux.lock	2026-06-30T01:11:14.7695202Z Collecting attrs==26.1.0 (from -r requirements-dev-py311-linux.lock (line 10))
supply-chain	Run python -m pip install --require-hashes -r requirements-dev-py311-linux.lock	2026-06-30T01:11:14.7710016Z   Using cached attrs-26.1.0-py3-none-any.whl (67 kB)
supply-chain	Run python -m pip install --require-hashes -r requirements-dev-py311-linux.lock	2026-06-30T01:11:14.8082030Z Collecting bandit==1.9.4 (from -r requirements-dev-py311-linux.lock (line 16))
supply-chain	Run python -m pip install --require-hashes -r requirements-dev-py311-linux.lock	2026-06-30T01:11:14.8095129Z   Using cached bandit-1.9.4-py3-none-any.whl (134 kB)
supply-chain	Run python -m pip install --require-hashes -r requirements-dev-py311-linux.lock	2026-06-30T01:11:14.8336481Z Collecting boolean-py==5.0 (from -r requirements-dev-py311-linux.lock (line 22))
supply-chain	Run python -m pip install --require-hashes -r requirements-dev-py311-linux.lock	2026-06-30T01:11:14.8348960Z   Using cached boolean_py-5.0-py3-none-any.whl (26 kB)
supply-chain	Run python -m pip install --require-hashes -r requirements-dev-py311-linux.lock	2026-06-30T01:11:14.8593072Z Collecting build==1.5.0 (from -r requirements-dev-py311-linux.lock (line 26))
supply-chain	Run python -m pip install --require-hashes -r requirements-dev-py311-linux.lock	2026-06-30T01:11:14.8605228Z   Using cached build-1.5.0-py3-none-any.whl (26 kB)
supply-chain	Run python -m pip install --require-hashes -r requirements-dev-py311-linux.lock	2026-06-30T01:11:14.8843956Z Collecting cachecontrol==0.14.4 (from -r requirements-dev-py311-linux.lock (line 32))
supply-chain	Run python -m pip install --require-hashes -r requirements-dev-py311-linux.lock	2026-06-30T01:11:14.8855596Z   Using cached cachecontrol-0.14.4-py3-none-any.whl (22 kB)
supply-chain	Run python -m pip install --require-hashes -r requirements-dev-py311-linux.lock	2026-06-30T01:11:14.9128400Z Collecting certifi==2026.5.20 (from -r requirements-dev-py311-linux.lock (line 36))
supply-chain	Run python -m pip install --require-hashes -r requirements-dev-py311-linux.lock	2026-06-30T01:11:14.9140773Z   Using cached certifi-2026.5.20-py3-none-any.whl (134 kB)
supply-chain	Run python -m pip install --require-hashes -r requirements-dev-py311-linux.lock	2026-06-30T01:11:14.9629247Z Collecting chardet==5.2.0 (from -r requirements-dev-py311-linux.lock (line 40))
supply-chain	Run python -m pip install --require-hashes -r requirements-dev-py311-linux.lock	2026-06-30T01:11:14.9644262Z   Using cached chardet-5.2.0-py3-none-any.whl (199 kB)
supply-chain	Run python -m pip install --require-hashes -r requirements-dev-py311-linux.lock	2026-06-30T01:11:15.0693376Z Collecting charset-normalizer==3.4.7 (from -r requirements-dev-py311-linux.lock (line 44))
supply-chain	Run python -m pip install --require-hashes -r requirements-dev-py311-linux.lock	2026-06-30T01:11:15.0706542Z   Using cached charset_normalizer-3.4.7-cp311-cp311-manylinux2014_x86_64.manylinux_2_17_x86_64.manylinux_2_28_x86_64.whl (214 kB)
supply-chain	Run python -m pip install --require-hashes -r requirements-dev-py311-linux.lock	2026-06-30T01:11:15.3971568Z Collecting coverage==7.14.1 (from -r requirements-dev-py311-linux.lock (line 175))
supply-chain	Run python -m pip install --require-hashes -r requirements-dev-py311-linux.lock	2026-06-30T01:11:15.3987804Z   Using cached coverage-7.14.1-cp311-cp311-manylinux1_x86_64.manylinux_2_28_x86_64.manylinux_2_5_x86_64.whl (252 kB)
supply-chain	Run python -m pip install --require-hashes -r requirements-dev-py311-linux.lock	2026-06-30T01:11:15.4319420Z Collecting cyclonedx-bom==7.3.0 (from -r requirements-dev-py311-linux.lock (line 283))
supply-chain	Run python -m pip install --require-hashes -r requirements-dev-py311-linux.lock	2026-06-30T01:11:15.4332578Z   Using cached cyclonedx_bom-7.3.0-py3-none-any.whl (60 kB)
supply-chain	Run python -m pip install --require-hashes -r requirements-dev-py311-linux.lock	2026-06-30T01:11:15.4644805Z Collecting cyclonedx-python-lib==11.10.0 (from -r requirements-dev-py311-linux.lock (line 289))
supply-chain	Run python -m pip install --require-hashes -r requirements-dev-py311-linux.lock	2026-06-30T01:11:15.4657688Z   Using cached cyclonedx_python_lib-11.10.0-py3-none-any.whl (527 kB)
supply-chain	Run python -m pip install --require-hashes -r requirements-dev-py311-linux.lock	2026-06-30T01:11:15.4891462Z Collecting defusedxml==0.7.1 (from -r requirements-dev-py311-linux.lock (line 295))
supply-chain	Run python -m pip install --require-hashes -r requirements-dev-py311-linux.lock	2026-06-30T01:11:15.4904056Z   Using cached defusedxml-0.7.1-py2.py3-none-any.whl (25 kB)
supply-chain	Run python -m pip install --require-hashes -r requirements-dev-py311-linux.lock	2026-06-30T01:11:15.5171929Z Collecting filelock==3.29.4 (from -r requirements-dev-py311-linux.lock (line 301))
supply-chain	Run python -m pip install --require-hashes -r requirements-dev-py311-linux.lock	2026-06-30T01:11:15.5183443Z   Using cached filelock-3.29.4-py3-none-any.whl (42 kB)
supply-chain	Run python -m pip install --require-hashes -r requirements-dev-py311-linux.lock	2026-06-30T01:11:15.5385416Z Collecting fqdn==1.5.1 (from -r requirements-dev-py311-linux.lock (line 305))
supply-chain	Run python -m pip install --require-hashes -r requirements-dev-py311-linux.lock	2026-06-30T01:11:15.5397181Z   Using cached fqdn-1.5.1-py3-none-any.whl (9.1 kB)
supply-chain	Run python -m pip install --require-hashes -r requirements-dev-py311-linux.lock	2026-06-30T01:11:15.5621861Z Collecting idna==3.18 (from -r requirements-dev-py311-linux.lock (line 309))
supply-chain	Run python -m pip install --require-hashes -r requirements-dev-py311-linux.lock	2026-06-30T01:11:15.5633424Z   Using cached idna-3.18-py3-none-any.whl (65 kB)
supply-chain	Run python -m pip install --require-hashes -r requirements-dev-py311-linux.lock	2026-06-30T01:11:15.5873101Z Collecting iniconfig==2.3.0 (from -r requirements-dev-py311-linux.lock (line 315))
supply-chain	Run python -m pip install --require-hashes -r requirements-dev-py311-linux.lock	2026-06-30T01:11:15.5884427Z   Using cached iniconfig-2.3.0-py3-none-any.whl (7.5 kB)
supply-chain	Run python -m pip install --require-hashes -r requirements-dev-py311-linux.lock	2026-06-30T01:11:15.6088190Z Collecting isoduration==20.11.0 (from -r requirements-dev-py311-linux.lock (line 319))
supply-chain	Run python -m pip install --require-hashes -r requirements-dev-py311-linux.lock	2026-06-30T01:11:15.6099579Z   Using cached isoduration-20.11.0-py3-none-any.whl (11 kB)
supply-chain	Run python -m pip install --require-hashes -r requirements-dev-py311-linux.lock	2026-06-30T01:11:15.6321655Z Collecting jsonpointer==3.1.1 (from -r requirements-dev-py311-linux.lock (line 323))
supply-chain	Run python -m pip install --require-hashes -r requirements-dev-py311-linux.lock	2026-06-30T01:11:15.6333610Z   Using cached jsonpointer-3.1.1-py3-none-any.whl (7.7 kB)
supply-chain	Run python -m pip install --require-hashes -r requirements-dev-py311-linux.lock	2026-06-30T01:11:15.6596938Z Collecting jsonschema==4.26.0 (from -r requirements-dev-py311-linux.lock (line 327))
supply-chain	Run python -m pip install --require-hashes -r requirements-dev-py311-linux.lock	2026-06-30T01:11:15.6608443Z   Using cached jsonschema-4.26.0-py3-none-any.whl (90 kB)
supply-chain	Run python -m pip install --require-hashes -r requirements-dev-py311-linux.lock	2026-06-30T01:11:15.6840542Z Collecting jsonschema-specifications==2025.9.1 (from -r requirements-dev-py311-linux.lock (line 331))
supply-chain	Run python -m pip install --require-hashes -r requirements-dev-py311-linux.lock	2026-06-30T01:11:15.6851997Z   Using cached jsonschema_specifications-2025.9.1-py3-none-any.whl (18 kB)
supply-chain	Run python -m pip install --require-hashes -r requirements-dev-py311-linux.lock	2026-06-30T01:11:15.7062083Z Collecting lark==1.3.1 (from -r requirements-dev-py311-linux.lock (line 335))
supply-chain	Run python -m pip install --require-hashes -r requirements-dev-py311-linux.lock	2026-06-30T01:11:15.7073727Z   Using cached lark-1.3.1-py3-none-any.whl (113 kB)
supply-chain	Run python -m pip install --require-hashes -r requirements-dev-py311-linux.lock	2026-06-30T01:11:15.7982689Z Collecting librt==0.11.0 (from -r requirements-dev-py311-linux.lock (line 339))
supply-chain	Run python -m pip install --require-hashes -r requirements-dev-py311-linux.lock	2026-06-30T01:11:15.7994459Z   Using cached librt-0.11.0-cp311-cp311-manylinux2014_x86_64.manylinux_2_17_x86_64.manylinux_2_28_x86_64.whl (497 kB)
supply-chain	Run python -m pip install --require-hashes -r requirements-dev-py311-linux.lock	2026-06-30T01:11:15.8238722Z Collecting license-expression==30.4.4 (from -r requirements-dev-py311-linux.lock (line 431))
supply-chain	Run python -m pip install --require-hashes -r requirements-dev-py311-linux.lock	2026-06-30T01:11:15.8250352Z   Using cached license_expression-30.4.4-py3-none-any.whl (120 kB)
supply-chain	Run python -m pip install --require-hashes -r requirements-dev-py311-linux.lock	2026-06-30T01:11:16.0117030Z Collecting lxml==6.1.1 (from -r requirements-dev-py311-linux.lock (line 435))
supply-chain	Run python -m pip install --require-hashes -r requirements-dev-py311-linux.lock	2026-06-30T01:11:16.0131713Z   Using cached lxml-6.1.1-cp311-cp311-manylinux_2_26_x86_64.manylinux_2_28_x86_64.whl (5.2 MB)
supply-chain	Run python -m pip install --require-hashes -r requirements-dev-py311-linux.lock	2026-06-30T01:11:16.0437064Z Collecting markdown-it-py==4.2.0 (from -r requirements-dev-py311-linux.lock (line 571))
supply-chain	Run python -m pip install --require-hashes -r requirements-dev-py311-linux.lock	2026-06-30T01:11:16.0451093Z   Using cached markdown_it_py-4.2.0-py3-none-any.whl (91 kB)
supply-chain	Run python -m pip install --require-hashes -r requirements-dev-py311-linux.lock	2026-06-30T01:11:16.0675635Z Collecting mdurl==0.1.2 (from -r requirements-dev-py311-linux.lock (line 575))
supply-chain	Run python -m pip install --require-hashes -r requirements-dev-py311-linux.lock	2026-06-30T01:11:16.0688495Z   Using cached mdurl-0.1.2-py3-none-any.whl (10.0 kB)
supply-chain	Run python -m pip install --require-hashes -r requirements-dev-py311-linux.lock	2026-06-30T01:11:16.1327025Z Collecting msgpack==1.2.0 (from -r requirements-dev-py311-linux.lock (line 579))
supply-chain	Run python -m pip install --require-hashes -r requirements-dev-py311-linux.lock	2026-06-30T01:11:16.1340667Z   Using cached msgpack-1.2.0-cp311-cp311-manylinux2014_x86_64.manylinux_2_17_x86_64.manylinux_2_28_x86_64.whl (423 kB)
supply-chain	Run python -m pip install --require-hashes -r requirements-dev-py311-linux.lock	2026-06-30T01:11:16.2218545Z Collecting mypy==1.20.2 (from -r requirements-dev-py311-linux.lock (line 647))
supply-chain	Run python -m pip install --require-hashes -r requirements-dev-py311-linux.lock	2026-06-30T01:11:16.2233155Z   Using cached mypy-1.20.2-cp311-cp311-manylinux2014_x86_64.manylinux_2_17_x86_64.manylinux_2_28_x86_64.whl (14.6 MB)
supply-chain	Run python -m pip install --require-hashes -r requirements-dev-py311-linux.lock	2026-06-30T01:11:16.2691589Z Collecting mypy-extensions==1.1.0 (from -r requirements-dev-py311-linux.lock (line 696))
supply-chain	Run python -m pip install --require-hashes -r requirements-dev-py311-linux.lock	2026-06-30T01:11:16.2705069Z   Using cached mypy_extensions-1.1.0-py3-none-any.whl (5.0 kB)
supply-chain	Run python -m pip install --require-hashes -r requirements-dev-py311-linux.lock	2026-06-30T01:11:16.2946122Z Collecting packageurl-python==0.17.6 (from -r requirements-dev-py311-linux.lock (line 700))
supply-chain	Run python -m pip install --require-hashes -r requirements-dev-py311-linux.lock	2026-06-30T01:11:16.2959100Z   Using cached packageurl_python-0.17.6-py3-none-any.whl (36 kB)
supply-chain	Run python -m pip install --require-hashes -r requirements-dev-py311-linux.lock	2026-06-30T01:11:16.3213675Z Collecting packaging==26.2 (from -r requirements-dev-py311-linux.lock (line 706))
supply-chain	Run python -m pip install --require-hashes -r requirements-dev-py311-linux.lock	2026-06-30T01:11:16.3226717Z   Using cached packaging-26.2-py3-none-any.whl (100 kB)
supply-chain	Run python -m pip install --require-hashes -r requirements-dev-py311-linux.lock	2026-06-30T01:11:16.3443307Z Collecting pathspec==1.1.1 (from -r requirements-dev-py311-linux.lock (line 716))
supply-chain	Run python -m pip install --require-hashes -r requirements-dev-py311-linux.lock	2026-06-30T01:11:16.3456212Z   Using cached pathspec-1.1.1-py3-none-any.whl (57 kB)
supply-chain	Run python -m pip install --require-hashes -r requirements-dev-py311-linux.lock	2026-06-30T01:11:16.3482695Z Requirement already satisfied: pip==26.1.2 in /opt/hostedtoolcache/Python/3.11.15/x64/lib/python3.11/site-packages (from -r requirements-dev-py311-linux.lock (line 720)) (26.1.2)
supply-chain	Run python -m pip install --require-hashes -r requirements-dev-py311-linux.lock	2026-06-30T01:11:16.3694539Z Collecting pip-api==0.0.34 (from -r requirements-dev-py311-linux.lock (line 724))
supply-chain	Run python -m pip install --require-hashes -r requirements-dev-py311-linux.lock	2026-06-30T01:11:16.3707802Z   Using cached pip_api-0.0.34-py3-none-any.whl (120 kB)
supply-chain	Run python -m pip install --require-hashes -r requirements-dev-py311-linux.lock	2026-06-30T01:11:16.3948689Z Collecting pip-audit==2.10.1 (from -r requirements-dev-py311-linux.lock (line 728))
supply-chain	Run python -m pip install --require-hashes -r requirements-dev-py311-linux.lock	2026-06-30T01:11:16.3960956Z   Using cached pip_audit-2.10.1-py3-none-any.whl (62 kB)
supply-chain	Run python -m pip install --require-hashes -r requirements-dev-py311-linux.lock	2026-06-30T01:11:16.4178106Z Collecting pip-requirements-parser==32.0.1 (from -r requirements-dev-py311-linux.lock (line 734))
supply-chain	Run python -m pip install --require-hashes -r requirements-dev-py311-linux.lock	2026-06-30T01:11:16.4190938Z   Using cached pip_requirements_parser-32.0.1-py3-none-any.whl (35 kB)
supply-chain	Run python -m pip install --require-hashes -r requirements-dev-py311-linux.lock	2026-06-30T01:11:16.4439543Z Collecting platformdirs==4.10.0 (from -r requirements-dev-py311-linux.lock (line 740))
supply-chain	Run python -m pip install --require-hashes -r requirements-dev-py311-linux.lock	2026-06-30T01:11:16.4452317Z   Using cached platformdirs-4.10.0-py3-none-any.whl (22 kB)
supply-chain	Run python -m pip install --require-hashes -r requirements-dev-py311-linux.lock	2026-06-30T01:11:16.4662349Z Collecting pluggy==1.6.0 (from -r requirements-dev-py311-linux.lock (line 744))
supply-chain	Run python -m pip install --require-hashes -r requirements-dev-py311-linux.lock	2026-06-30T01:11:16.4675026Z   Using cached pluggy-1.6.0-py3-none-any.whl (20 kB)
supply-chain	Run python -m pip install --require-hashes -r requirements-dev-py311-linux.lock	2026-06-30T01:11:16.5260086Z Collecting psycopg2-binary==2.9.11 (from -r requirements-dev-py311-linux.lock (line 750))
supply-chain	Run python -m pip install --require-hashes -r requirements-dev-py311-linux.lock	2026-06-30T01:11:16.5273426Z   Using cached psycopg2_binary-2.9.11-cp311-cp311-manylinux2014_x86_64.manylinux_2_17_x86_64.whl (4.2 MB)
supply-chain	Run python -m pip install --require-hashes -r requirements-dev-py311-linux.lock	2026-06-30T01:11:16.5590269Z Collecting py-serializable==2.1.0 (from -r requirements-dev-py311-linux.lock (line 821))
supply-chain	Run python -m pip install --require-hashes -r requirements-dev-py311-linux.lock	2026-06-30T01:11:16.5603258Z   Using cached py_serializable-2.1.0-py3-none-any.whl (23 kB)
supply-chain	Run python -m pip install --require-hashes -r requirements-dev-py311-linux.lock	2026-06-30T01:11:16.5853424Z Collecting pygments==2.20.0 (from -r requirements-dev-py311-linux.lock (line 825))
supply-chain	Run python -m pip install --require-hashes -r requirements-dev-py311-linux.lock	2026-06-30T01:11:16.5866354Z   Using cached pygments-2.20.0-py3-none-any.whl (1.2 MB)
supply-chain	Run python -m pip install --require-hashes -r requirements-dev-py311-linux.lock	2026-06-30T01:11:16.6181218Z Collecting pyparsing==3.3.2 (from -r requirements-dev-py311-linux.lock (line 831))
supply-chain	Run python -m pip install --require-hashes -r requirements-dev-py311-linux.lock	2026-06-30T01:11:16.6194046Z   Using cached pyparsing-3.3.2-py3-none-any.whl (122 kB)
supply-chain	Run python -m pip install --require-hashes -r requirements-dev-py311-linux.lock	2026-06-30T01:11:16.6395399Z Collecting pyproject-hooks==1.2.0 (from -r requirements-dev-py311-linux.lock (line 835))
supply-chain	Run python -m pip install --require-hashes -r requirements-dev-py311-linux.lock	2026-06-30T01:11:16.6408370Z   Using cached pyproject_hooks-1.2.0-py3-none-any.whl (10 kB)
supply-chain	Run python -m pip install --require-hashes -r requirements-dev-py311-linux.lock	2026-06-30T01:11:16.6734969Z Collecting pytest==9.0.2 (from -r requirements-dev-py311-linux.lock (line 839))
supply-chain	Run python -m pip install --require-hashes -r requirements-dev-py311-linux.lock	2026-06-30T01:11:16.6754372Z   Using cached pytest-9.0.2-py3-none-any.whl (374 kB)
supply-chain	Run python -m pip install --require-hashes -r requirements-dev-py311-linux.lock	2026-06-30T01:11:16.6992787Z Collecting pytest-cov==7.0.0 (from -r requirements-dev-py311-linux.lock (line 846))
supply-chain	Run python -m pip install --require-hashes -r requirements-dev-py311-linux.lock	2026-06-30T01:11:16.7005544Z   Using cached pytest_cov-7.0.0-py3-none-any.whl (22 kB)
supply-chain	Run python -m pip install --require-hashes -r requirements-dev-py311-linux.lock	2026-06-30T01:11:16.7242488Z Collecting python-dateutil==2.9.0.post0 (from -r requirements-dev-py311-linux.lock (line 852))
supply-chain	Run python -m pip install --require-hashes -r requirements-dev-py311-linux.lock	2026-06-30T01:11:16.7255452Z   Using cached python_dateutil-2.9.0.post0-py2.py3-none-any.whl (229 kB)
supply-chain	Run python -m pip install --require-hashes -r requirements-dev-py311-linux.lock	2026-06-30T01:11:16.7646539Z Collecting pyyaml==6.0.3 (from -r requirements-dev-py311-linux.lock (line 856))
supply-chain	Run python -m pip install --require-hashes -r requirements-dev-py311-linux.lock	2026-06-30T01:11:16.7660436Z   Using cached pyyaml-6.0.3-cp311-cp311-manylinux2014_x86_64.manylinux_2_17_x86_64.manylinux_2_28_x86_64.whl (806 kB)
supply-chain	Run python -m pip install --require-hashes -r requirements-dev-py311-linux.lock	2026-06-30T01:11:16.7937392Z Collecting referencing==0.37.0 (from -r requirements-dev-py311-linux.lock (line 933))
supply-chain	Run python -m pip install --require-hashes -r requirements-dev-py311-linux.lock	2026-06-30T01:11:16.7950819Z   Using cached referencing-0.37.0-py3-none-any.whl (26 kB)
supply-chain	Run python -m pip install --require-hashes -r requirements-dev-py311-linux.lock	2026-06-30T01:11:16.8226209Z Collecting requests==2.34.2 (from -r requirements-dev-py311-linux.lock (line 940))
supply-chain	Run python -m pip install --require-hashes -r requirements-dev-py311-linux.lock	2026-06-30T01:11:16.8238223Z   Using cached requests-2.34.2-py3-none-any.whl (73 kB)
supply-chain	Run python -m pip install --require-hashes -r requirements-dev-py311-linux.lock	2026-06-30T01:11:16.8475948Z Collecting rfc3339-validator==0.1.4 (from -r requirements-dev-py311-linux.lock (line 946))
supply-chain	Run python -m pip install --require-hashes -r requirements-dev-py311-linux.lock	2026-06-30T01:11:16.8487731Z   Using cached rfc3339_validator-0.1.4-py2.py3-none-any.whl (3.5 kB)
supply-chain	Run python -m pip install --require-hashes -r requirements-dev-py311-linux.lock	2026-06-30T01:11:16.8692996Z Collecting rfc3986-validator==0.1.1 (from -r requirements-dev-py311-linux.lock (line 950))
supply-chain	Run python -m pip install --require-hashes -r requirements-dev-py311-linux.lock	2026-06-30T01:11:16.8704860Z   Using cached rfc3986_validator-0.1.1-py2.py3-none-any.whl (4.2 kB)
supply-chain	Run python -m pip install --require-hashes -r requirements-dev-py311-linux.lock	2026-06-30T01:11:16.8913792Z Collecting rfc3987-syntax==1.1.0 (from -r requirements-dev-py311-linux.lock (line 954))
supply-chain	Run python -m pip install --require-hashes -r requirements-dev-py311-linux.lock	2026-06-30T01:11:16.8925263Z   Using cached rfc3987_syntax-1.1.0-py3-none-any.whl (8.0 kB)
supply-chain	Run python -m pip install --require-hashes -r requirements-dev-py311-linux.lock	2026-06-30T01:11:16.9257151Z Collecting rich==15.0.0 (from -r requirements-dev-py311-linux.lock (line 958))
supply-chain	Run python -m pip install --require-hashes -r requirements-dev-py311-linux.lock	2026-06-30T01:11:16.9268726Z   Using cached rich-15.0.0-py3-none-any.whl (310 kB)
supply-chain	Run python -m pip install --require-hashes -r requirements-dev-py311-linux.lock	2026-06-30T01:11:17.1454873Z Collecting rpds-py==2026.5.1 (from -r requirements-dev-py311-linux.lock (line 964))
supply-chain	Run python -m pip install --require-hashes -r requirements-dev-py311-linux.lock	2026-06-30T01:11:17.1469636Z   Using cached rpds_py-2026.5.1-cp311-cp311-manylinux_2_17_x86_64.manylinux2014_x86_64.whl (378 kB)
supply-chain	Run python -m pip install --require-hashes -r requirements-dev-py311-linux.lock	2026-06-30T01:11:17.4201794Z Collecting ruff==0.15.17 (from -r requirements-dev-py311-linux.lock (line 1098))
supply-chain	Run python -m pip install --require-hashes -r requirements-dev-py311-linux.lock	2026-06-30T01:11:17.4216468Z   Using cached ruff-0.15.17-py3-none-manylinux_2_17_x86_64.manylinux2014_x86_64.whl (11.6 MB)
supply-chain	Run python -m pip install --require-hashes -r requirements-dev-py311-linux.lock	2026-06-30T01:11:17.5041226Z Collecting setuptools==82.0.1 (from -r requirements-dev-py311-linux.lock (line 1120))
supply-chain	Run python -m pip install --require-hashes -r requirements-dev-py311-linux.lock	2026-06-30T01:11:17.5053038Z   Using cached setuptools-82.0.1-py3-none-any.whl (1.0 MB)
supply-chain	Run python -m pip install --require-hashes -r requirements-dev-py311-linux.lock	2026-06-30T01:11:17.5361099Z Collecting six==1.17.0 (from -r requirements-dev-py311-linux.lock (line 1126))
supply-chain	Run python -m pip install --require-hashes -r requirements-dev-py311-linux.lock	2026-06-30T01:11:17.5372907Z   Using cached six-1.17.0-py2.py3-none-any.whl (11 kB)
supply-chain	Run python -m pip install --require-hashes -r requirements-dev-py311-linux.lock	2026-06-30T01:11:17.5605752Z Collecting sortedcontainers==2.4.0 (from -r requirements-dev-py311-linux.lock (line 1132))
supply-chain	Run python -m pip install --require-hashes -r requirements-dev-py311-linux.lock	2026-06-30T01:11:17.5619093Z   Using cached sortedcontainers-2.4.0-py2.py3-none-any.whl (29 kB)
supply-chain	Run python -m pip install --require-hashes -r requirements-dev-py311-linux.lock	2026-06-30T01:11:17.5869669Z Collecting stevedore==5.8.0 (from -r requirements-dev-py311-linux.lock (line 1136))
supply-chain	Run python -m pip install --require-hashes -r requirements-dev-py311-linux.lock	2026-06-30T01:11:17.5882595Z   Using cached stevedore-5.8.0-py3-none-any.whl (54 kB)
supply-chain	Run python -m pip install --require-hashes -r requirements-dev-py311-linux.lock	2026-06-30T01:11:17.6175576Z Collecting tomli==2.4.1 (from -r requirements-dev-py311-linux.lock (line 1140))
supply-chain	Run python -m pip install --require-hashes -r requirements-dev-py311-linux.lock	2026-06-30T01:11:17.6190140Z   Using cached tomli-2.4.1-cp311-cp311-manylinux2014_x86_64.manylinux_2_17_x86_64.manylinux_2_28_x86_64.whl (243 kB)
supply-chain	Run python -m pip install --require-hashes -r requirements-dev-py311-linux.lock	2026-06-30T01:11:17.6396877Z Collecting tomli-w==1.2.0 (from -r requirements-dev-py311-linux.lock (line 1191))
supply-chain	Run python -m pip install --require-hashes -r requirements-dev-py311-linux.lock	2026-06-30T01:11:17.6408596Z   Using cached tomli_w-1.2.0-py3-none-any.whl (6.7 kB)
supply-chain	Run python -m pip install --require-hashes -r requirements-dev-py311-linux.lock	2026-06-30T01:11:17.6665772Z Collecting types-psycopg2==2.9.21.20260518 (from -r requirements-dev-py311-linux.lock (line 1195))
supply-chain	Run python -m pip install --require-hashes -r requirements-dev-py311-linux.lock	2026-06-30T01:11:17.6679016Z   Using cached types_psycopg2-2.9.21.20260518-py3-none-any.whl (24 kB)
supply-chain	Run python -m pip install --require-hashes -r requirements-dev-py311-linux.lock	2026-06-30T01:11:17.6908423Z Collecting types-pyyaml==6.0.12.20260518 (from -r requirements-dev-py311-linux.lock (line 1202))
supply-chain	Run python -m pip install --require-hashes -r requirements-dev-py311-linux.lock	2026-06-30T01:11:17.6920450Z   Using cached types_pyyaml-6.0.12.20260518-py3-none-any.whl (20 kB)
supply-chain	Run python -m pip install --require-hashes -r requirements-dev-py311-linux.lock	2026-06-30T01:11:17.7150891Z Collecting typing-extensions==4.15.0 (from -r requirements-dev-py311-linux.lock (line 1208))
supply-chain	Run python -m pip install --require-hashes -r requirements-dev-py311-linux.lock	2026-06-30T01:11:17.7162700Z   Using cached typing_extensions-4.15.0-py3-none-any.whl (44 kB)
supply-chain	Run python -m pip install --require-hashes -r requirements-dev-py311-linux.lock	2026-06-30T01:11:17.7432227Z Collecting tzdata==2026.2 (from -r requirements-dev-py311-linux.lock (line 1216))
supply-chain	Run python -m pip install --require-hashes -r requirements-dev-py311-linux.lock	2026-06-30T01:11:17.7444684Z   Using cached tzdata-2026.2-py2.py3-none-any.whl (349 kB)
supply-chain	Run python -m pip install --require-hashes -r requirements-dev-py311-linux.lock	2026-06-30T01:11:17.7682237Z Collecting uri-template==1.3.0 (from -r requirements-dev-py311-linux.lock (line 1220))
supply-chain	Run python -m pip install --require-hashes -r requirements-dev-py311-linux.lock	2026-06-30T01:11:17.7694194Z   Using cached uri_template-1.3.0-py3-none-any.whl (11 kB)
supply-chain	Run python -m pip install --require-hashes -r requirements-dev-py311-linux.lock	2026-06-30T01:11:17.7967380Z Collecting urllib3==2.7.0 (from -r requirements-dev-py311-linux.lock (line 1224))
supply-chain	Run python -m pip install --require-hashes -r requirements-dev-py311-linux.lock	2026-06-30T01:11:17.7986579Z   Using cached urllib3-2.7.0-py3-none-any.whl (131 kB)
supply-chain	Run python -m pip install --require-hashes -r requirements-dev-py311-linux.lock	2026-06-30T01:11:17.8214588Z Collecting webcolors==25.10.0 (from -r requirements-dev-py311-linux.lock (line 1228))
supply-chain	Run python -m pip install --require-hashes -r requirements-dev-py311-linux.lock	2026-06-30T01:11:17.8226108Z   Using cached webcolors-25.10.0-py3-none-any.whl (14 kB)
supply-chain	Run python -m pip install --require-hashes -r requirements-dev-py311-linux.lock	2026-06-30T01:11:17.8462041Z Collecting wheel==0.46.3 (from -r requirements-dev-py311-linux.lock (line 1232))
supply-chain	Run python -m pip install --require-hashes -r requirements-dev-py311-linux.lock	2026-06-30T01:11:17.8474361Z   Using cached wheel-0.46.3-py3-none-any.whl (30 kB)
supply-chain	Run python -m pip install --require-hashes -r requirements-dev-py311-linux.lock	2026-06-30T01:11:18.0130957Z Installing collected packages: sortedcontainers, boolean-py, webcolors, urllib3, uri-template, tzdata, typing-extensions, types-pyyaml, types-psycopg2, tomli-w, tomli, stevedore, six, setuptools, ruff, rpds-py, rfc3986-validator, pyyaml, pyproject-hooks, pyparsing, pygments, psycopg2-binary, pluggy, platformdirs, pip-api, pathspec, packaging, packageurl-python, mypy-extensions, msgpack, mdurl, lxml, license-expression, librt, lark, jsonpointer, iniconfig, idna, fqdn, filelock, defusedxml, coverage, charset-normalizer, chardet, certifi, attrs, wheel, rfc3987-syntax, rfc3339-validator, requests, referencing, python-dateutil, pytest, py-serializable, pip-requirements-parser, mypy, markdown-it-py, build, rich, pytest-cov, jsonschema-specifications, cyclonedx-python-lib, cachecontrol, arrow, jsonschema, isoduration, bandit, pip-audit, cyclonedx-bom
supply-chain	Run python -m pip install --require-hashes -r requirements-dev-py311-linux.lock	2026-06-30T01:11:18.2503833Z   Attempting uninstall: setuptools
supply-chain	Run python -m pip install --require-hashes -r requirements-dev-py311-linux.lock	2026-06-30T01:11:18.2518882Z     Found existing installation: setuptools 79.0.1
supply-chain	Run python -m pip install --require-hashes -r requirements-dev-py311-linux.lock	2026-06-30T01:11:18.3306449Z     Uninstalling setuptools-79.0.1:
supply-chain	Run python -m pip install --require-hashes -r requirements-dev-py311-linux.lock	2026-06-30T01:11:18.3510174Z       Successfully uninstalled setuptools-79.0.1
supply-chain	Run python -m pip install --require-hashes -r requirements-dev-py311-linux.lock	2026-06-30T01:11:22.4116891Z 
supply-chain	Run python -m pip install --require-hashes -r requirements-dev-py311-linux.lock	2026-06-30T01:11:22.4147936Z Successfully installed arrow-1.4.0 attrs-26.1.0 bandit-1.9.4 boolean-py-5.0 build-1.5.0 cachecontrol-0.14.4 certifi-2026.5.20 chardet-5.2.0 charset-normalizer-3.4.7 coverage-7.14.1 cyclonedx-bom-7.3.0 cyclonedx-python-lib-11.10.0 defusedxml-0.7.1 filelock-3.29.4 fqdn-1.5.1 idna-3.18 iniconfig-2.3.0 isoduration-20.11.0 jsonpointer-3.1.1 jsonschema-4.26.0 jsonschema-specifications-2025.9.1 lark-1.3.1 librt-0.11.0 license-expression-30.4.4 lxml-6.1.1 markdown-it-py-4.2.0 mdurl-0.1.2 msgpack-1.2.0 mypy-1.20.2 mypy-extensions-1.1.0 packageurl-python-0.17.6 packaging-26.2 pathspec-1.1.1 pip-api-0.0.34 pip-audit-2.10.1 pip-requirements-parser-32.0.1 platformdirs-4.10.0 pluggy-1.6.0 psycopg2-binary-2.9.11 py-serializable-2.1.0 pygments-2.20.0 pyparsing-3.3.2 pyproject-hooks-1.2.0 pytest-9.0.2 pytest-cov-7.0.0 python-dateutil-2.9.0.post0 pyyaml-6.0.3 referencing-0.37.0 requests-2.34.2 rfc3339-validator-0.1.4 rfc3986-validator-0.1.1 rfc3987-syntax-1.1.0 rich-15.0.0 rpds-py-2026.5.1 ruff-0.15.17 setuptools-82.0.1 six-1.17.0 sortedcontainers-2.4.0 stevedore-5.8.0 tomli-2.4.1 tomli-w-1.2.0 types-psycopg2-2.9.21.20260518 types-pyyaml-6.0.12.20260518 typing-extensions-4.15.0 tzdata-2026.2 uri-template-1.3.0 urllib3-2.7.0 webcolors-25.10.0 wheel-0.46.3
supply-chain	Run python -m pip install --require-hashes -r requirements-dev-py311-linux.lock	2026-06-30T01:11:22.8007503Z Obtaining file:///home/runner/work/Corep-engine-community/Corep-engine-community
supply-chain	Run python -m pip install --require-hashes -r requirements-dev-py311-linux.lock	2026-06-30T01:11:22.8025333Z   Installing build dependencies: started
supply-chain	Run python -m pip install --require-hashes -r requirements-dev-py311-linux.lock	2026-06-30T01:11:23.4422272Z   Installing build dependencies: finished with status 'done'
supply-chain	Run python -m pip install --require-hashes -r requirements-dev-py311-linux.lock	2026-06-30T01:11:23.4427370Z   Checking if build backend supports build_editable: started
supply-chain	Run python -m pip install --require-hashes -r requirements-dev-py311-linux.lock	2026-06-30T01:11:23.6920435Z   Checking if build backend supports build_editable: finished with status 'done'
supply-chain	Run python -m pip install --require-hashes -r requirements-dev-py311-linux.lock	2026-06-30T01:11:23.6927886Z   Getting requirements to build editable: started
supply-chain	Run python -m pip install --require-hashes -r requirements-dev-py311-linux.lock	2026-06-30T01:11:23.9471440Z   Getting requirements to build editable: finished with status 'done'
supply-chain	Run python -m pip install --require-hashes -r requirements-dev-py311-linux.lock	2026-06-30T01:11:23.9480007Z   Preparing editable metadata (pyproject.toml): started
supply-chain	Run python -m pip install --require-hashes -r requirements-dev-py311-linux.lock	2026-06-30T01:11:24.1033690Z   Preparing editable metadata (pyproject.toml): finished with status 'done'
supply-chain	Run python -m pip install --require-hashes -r requirements-dev-py311-linux.lock	2026-06-30T01:11:24.1081697Z Building wheels for collected packages: corep-crr3-community
supply-chain	Run python -m pip install --require-hashes -r requirements-dev-py311-linux.lock	2026-06-30T01:11:24.1089265Z   Building editable for corep-crr3-community (pyproject.toml): started
supply-chain	Run python -m pip install --require-hashes -r requirements-dev-py311-linux.lock	2026-06-30T01:11:24.2794093Z   Building editable for corep-crr3-community (pyproject.toml): finished with status 'done'
supply-chain	Run python -m pip install --require-hashes -r requirements-dev-py311-linux.lock	2026-06-30T01:11:24.2799556Z   Created wheel for corep-crr3-community: filename=corep_crr3_community-6.6.0-0.editable-py3-none-any.whl size=8596 sha256=35513f1ea6be2917625a04a7edb9feab5f6c9c957567723d2a12223e7f720c14
supply-chain	Run python -m pip install --require-hashes -r requirements-dev-py311-linux.lock	2026-06-30T01:11:24.2800900Z   Stored in directory: /tmp/pip-ephem-wheel-cache-izs41s33/wheels/a6/8a/e3/502720a903eefbfebdb2c44230dd41c25442ad3895404cd8d4
supply-chain	Run python -m pip install --require-hashes -r requirements-dev-py311-linux.lock	2026-06-30T01:11:24.2825276Z Successfully built corep-crr3-community
supply-chain	Run python -m pip install --require-hashes -r requirements-dev-py311-linux.lock	2026-06-30T01:11:24.2848008Z Installing collected packages: corep-crr3-community
supply-chain	Run python -m pip install --require-hashes -r requirements-dev-py311-linux.lock	2026-06-30T01:11:24.2930129Z Successfully installed corep-crr3-community-6.6.0
supply-chain	Audit des dépendances	﻿2026-06-30T01:11:24.3465781Z ##[group]Run pip-audit -r requirements-dev-py311-linux.lock --strict
supply-chain	Audit des dépendances	2026-06-30T01:11:24.3466498Z ^[[36;1mpip-audit -r requirements-dev-py311-linux.lock --strict^[[0m
supply-chain	Audit des dépendances	2026-06-30T01:11:24.3487374Z shell: /usr/bin/bash -e {0}
supply-chain	Audit des dépendances	2026-06-30T01:11:24.3487646Z env:
supply-chain	Audit des dépendances	2026-06-30T01:11:24.3487933Z   pythonLocation: /opt/hostedtoolcache/Python/3.11.15/x64
supply-chain	Audit des dépendances	2026-06-30T01:11:24.3488355Z   PKG_CONFIG_PATH: /opt/hostedtoolcache/Python/3.11.15/x64/lib/pkgconfig
supply-chain	Audit des dépendances	2026-06-30T01:11:24.3488764Z   Python_ROOT_DIR: /opt/hostedtoolcache/Python/3.11.15/x64
supply-chain	Audit des dépendances	2026-06-30T01:11:24.3489256Z   Python2_ROOT_DIR: /opt/hostedtoolcache/Python/3.11.15/x64
supply-chain	Audit des dépendances	2026-06-30T01:11:24.3489619Z   Python3_ROOT_DIR: /opt/hostedtoolcache/Python/3.11.15/x64
supply-chain	Audit des dépendances	2026-06-30T01:11:24.3489995Z   LD_LIBRARY_PATH: /opt/hostedtoolcache/Python/3.11.15/x64/lib
supply-chain	Audit des dépendances	2026-06-30T01:11:24.3490313Z ##[endgroup]
supply-chain	Audit des dépendances	2026-06-30T01:11:35.1538064Z Found 2 known vulnerabilities in 2 packages
supply-chain	Audit des dépendances	2026-06-30T01:11:35.1538817Z Name    Version ID                  Fix Versions
supply-chain	Audit des dépendances	2026-06-30T01:11:35.1539458Z ------- ------- ------------------- ------------
supply-chain	Audit des dépendances	2026-06-30T01:11:35.1539914Z msgpack 1.2.0   GHSA-6v7p-g79w-8964 1.2.1
supply-chain	Audit des dépendances	2026-06-30T01:11:35.1540416Z pytest  9.0.2   CVE-2025-71176      9.0.3
supply-chain	Audit des dépendances	2026-06-30T01:11:35.2035776Z ##[error]Process completed with exit code 1.
supply-chain	Post Run actions/checkout@df4cb1c069e1874edd31b4311f1884172cec0e10	﻿2026-06-30T01:11:35.2246549Z Post job cleanup.
supply-chain	Post Run actions/checkout@df4cb1c069e1874edd31b4311f1884172cec0e10	2026-06-30T01:11:35.3043827Z [command]/usr/bin/git version
supply-chain	Post Run actions/checkout@df4cb1c069e1874edd31b4311f1884172cec0e10	2026-06-30T01:11:35.3075497Z git version 2.54.0
supply-chain	Post Run actions/checkout@df4cb1c069e1874edd31b4311f1884172cec0e10	2026-06-30T01:11:35.3111467Z Temporarily overriding HOME='/home/runner/work/_temp/f58f2eed-f9dc-4cda-bea8-72ba7af0fdf9' before making global git config changes
supply-chain	Post Run actions/checkout@df4cb1c069e1874edd31b4311f1884172cec0e10	2026-06-30T01:11:35.3113150Z Adding repository directory to the temporary git global config as a safe directory
supply-chain	Post Run actions/checkout@df4cb1c069e1874edd31b4311f1884172cec0e10	2026-06-30T01:11:35.3117641Z [command]/usr/bin/git config --global --add safe.directory /home/runner/work/Corep-engine-community/Corep-engine-community
supply-chain	Post Run actions/checkout@df4cb1c069e1874edd31b4311f1884172cec0e10	2026-06-30T01:11:35.3141499Z Removing SSH command configuration
supply-chain	Post Run actions/checkout@df4cb1c069e1874edd31b4311f1884172cec0e10	2026-06-30T01:11:35.3148159Z [command]/usr/bin/git config --local --name-only --get-regexp core\.sshCommand
supply-chain	Post Run actions/checkout@df4cb1c069e1874edd31b4311f1884172cec0e10	2026-06-30T01:11:35.3207309Z [command]/usr/bin/git submodule foreach --recursive sh -c "git config --local --name-only --get-regexp 'core\.sshCommand' && git config --local --unset-all 'core.sshCommand' || :"
supply-chain	Post Run actions/checkout@df4cb1c069e1874edd31b4311f1884172cec0e10	2026-06-30T01:11:35.3376924Z Removing HTTP extra header
supply-chain	Post Run actions/checkout@df4cb1c069e1874edd31b4311f1884172cec0e10	2026-06-30T01:11:35.3381130Z [command]/usr/bin/git config --local --name-only --get-regexp http\.https\:\/\/github\.com\/\.extraheader
supply-chain	Post Run actions/checkout@df4cb1c069e1874edd31b4311f1884172cec0e10	2026-06-30T01:11:35.3405120Z [command]/usr/bin/git submodule foreach --recursive sh -c "git config --local --name-only --get-regexp 'http\.https\:\/\/github\.com\/\.extraheader' && git config --local --unset-all 'http.https://github.com/.extraheader' || :"
supply-chain	Post Run actions/checkout@df4cb1c069e1874edd31b4311f1884172cec0e10	2026-06-30T01:11:35.3563245Z Removing includeIf entries pointing to credentials config files
supply-chain	Post Run actions/checkout@df4cb1c069e1874edd31b4311f1884172cec0e10	2026-06-30T01:11:35.3568969Z [command]/usr/bin/git config --local --name-only --get-regexp ^includeIf\.gitdir:
supply-chain	Post Run actions/checkout@df4cb1c069e1874edd31b4311f1884172cec0e10	2026-06-30T01:11:35.3590281Z includeif.gitdir:/home/runner/work/Corep-engine-community/Corep-engine-community/.git.path
supply-chain	Post Run actions/checkout@df4cb1c069e1874edd31b4311f1884172cec0e10	2026-06-30T01:11:35.3591485Z includeif.gitdir:/home/runner/work/Corep-engine-community/Corep-engine-community/.git/worktrees/*.path
supply-chain	Post Run actions/checkout@df4cb1c069e1874edd31b4311f1884172cec0e10	2026-06-30T01:11:35.3592308Z includeif.gitdir:/github/workspace/.git.path
supply-chain	Post Run actions/checkout@df4cb1c069e1874edd31b4311f1884172cec0e10	2026-06-30T01:11:35.3592895Z includeif.gitdir:/github/workspace/.git/worktrees/*.path
supply-chain	Post Run actions/checkout@df4cb1c069e1874edd31b4311f1884172cec0e10	2026-06-30T01:11:35.3598600Z [command]/usr/bin/git config --local --get-all includeif.gitdir:/home/runner/work/Corep-engine-community/Corep-engine-community/.git.path
supply-chain	Post Run actions/checkout@df4cb1c069e1874edd31b4311f1884172cec0e10	2026-06-30T01:11:35.3614851Z /home/runner/work/_temp/git-credentials-46c60293-ccbf-4081-bac3-fd99b2690e2c.config
supply-chain	Post Run actions/checkout@df4cb1c069e1874edd31b4311f1884172cec0e10	2026-06-30T01:11:35.3624183Z [command]/usr/bin/git config --local --unset includeif.gitdir:/home/runner/work/Corep-engine-community/Corep-engine-community/.git.path /home/runner/work/_temp/git-credentials-46c60293-ccbf-4081-bac3-fd99b2690e2c.config
supply-chain	Post Run actions/checkout@df4cb1c069e1874edd31b4311f1884172cec0e10	2026-06-30T01:11:35.3649374Z [command]/usr/bin/git config --local --get-all includeif.gitdir:/home/runner/work/Corep-engine-community/Corep-engine-community/.git/worktrees/*.path
supply-chain	Post Run actions/checkout@df4cb1c069e1874edd31b4311f1884172cec0e10	2026-06-30T01:11:35.3666841Z /home/runner/work/_temp/git-credentials-46c60293-ccbf-4081-bac3-fd99b2690e2c.config
supply-chain	Post Run actions/checkout@df4cb1c069e1874edd31b4311f1884172cec0e10	2026-06-30T01:11:35.3674506Z [command]/usr/bin/git config --local --unset includeif.gitdir:/home/runner/work/Corep-engine-community/Corep-engine-community/.git/worktrees/*.path /home/runner/work/_temp/git-credentials-46c60293-ccbf-4081-bac3-fd99b2690e2c.config
supply-chain	Post Run actions/checkout@df4cb1c069e1874edd31b4311f1884172cec0e10	2026-06-30T01:11:35.3699277Z [command]/usr/bin/git config --local --get-all includeif.gitdir:/github/workspace/.git.path
supply-chain	Post Run actions/checkout@df4cb1c069e1874edd31b4311f1884172cec0e10	2026-06-30T01:11:35.3715103Z /github/runner_temp/git-credentials-46c60293-ccbf-4081-bac3-fd99b2690e2c.config
supply-chain	Post Run actions/checkout@df4cb1c069e1874edd31b4311f1884172cec0e10	2026-06-30T01:11:35.3720536Z [command]/usr/bin/git config --local --unset includeif.gitdir:/github/workspace/.git.path /github/runner_temp/git-credentials-46c60293-ccbf-4081-bac3-fd99b2690e2c.config
supply-chain	Post Run actions/checkout@df4cb1c069e1874edd31b4311f1884172cec0e10	2026-06-30T01:11:35.3743576Z [command]/usr/bin/git config --local --get-all includeif.gitdir:/github/workspace/.git/worktrees/*.path
supply-chain	Post Run actions/checkout@df4cb1c069e1874edd31b4311f1884172cec0e10	2026-06-30T01:11:35.3759024Z /github/runner_temp/git-credentials-46c60293-ccbf-4081-bac3-fd99b2690e2c.config
supply-chain	Post Run actions/checkout@df4cb1c069e1874edd31b4311f1884172cec0e10	2026-06-30T01:11:35.3766208Z [command]/usr/bin/git config --local --unset includeif.gitdir:/github/workspace/.git/worktrees/*.path /github/runner_temp/git-credentials-46c60293-ccbf-4081-bac3-fd99b2690e2c.config
supply-chain	Post Run actions/checkout@df4cb1c069e1874edd31b4311f1884172cec0e10	2026-06-30T01:11:35.3793466Z [command]/usr/bin/git submodule foreach --recursive git config --local --show-origin --name-only --get-regexp remote.origin.url
supply-chain	Post Run actions/checkout@df4cb1c069e1874edd31b4311f1884172cec0e10	2026-06-30T01:11:35.3954130Z Removing credentials config '/home/runner/work/_temp/git-credentials-46c60293-ccbf-4081-bac3-fd99b2690e2c.config'
supply-chain	Complete job	﻿2026-06-30T01:11:35.4078971Z Cleaning up orphan processes
