static-and-tests (3.9)	Set up job	﻿2026-06-30T01:11:12.3285483Z Current runner version: '2.335.1'
static-and-tests (3.9)	Set up job	2026-06-30T01:11:12.3310687Z ##[group]Runner Image Provisioner
static-and-tests (3.9)	Set up job	2026-06-30T01:11:12.3311698Z Hosted Compute Agent
static-and-tests (3.9)	Set up job	2026-06-30T01:11:12.3312313Z Version: 20260611.554
static-and-tests (3.9)	Set up job	2026-06-30T01:11:12.3312998Z Commit: 5e0782fdc9014723d3be820dd114dd31555c2bd1
static-and-tests (3.9)	Set up job	2026-06-30T01:11:12.3313757Z Build Date: 2026-06-11T21:40:46Z
static-and-tests (3.9)	Set up job	2026-06-30T01:11:12.3314480Z Worker ID: {b66e4375-4dcc-4bca-b185-dd4927bb802b}
static-and-tests (3.9)	Set up job	2026-06-30T01:11:12.3315522Z Azure Region: westus
static-and-tests (3.9)	Set up job	2026-06-30T01:11:12.3316100Z ##[endgroup]
static-and-tests (3.9)	Set up job	2026-06-30T01:11:12.3317605Z ##[group]Operating System
static-and-tests (3.9)	Set up job	2026-06-30T01:11:12.3318279Z Ubuntu
static-and-tests (3.9)	Set up job	2026-06-30T01:11:12.3318812Z 24.04.4
static-and-tests (3.9)	Set up job	2026-06-30T01:11:12.3319401Z LTS
static-and-tests (3.9)	Set up job	2026-06-30T01:11:12.3319920Z ##[endgroup]
static-and-tests (3.9)	Set up job	2026-06-30T01:11:12.3320465Z ##[group]Runner Image
static-and-tests (3.9)	Set up job	2026-06-30T01:11:12.3321140Z Image: ubuntu-24.04
static-and-tests (3.9)	Set up job	2026-06-30T01:11:12.3321709Z Version: 20260622.220.1
static-and-tests (3.9)	Set up job	2026-06-30T01:11:12.3322806Z Included Software: https://github.com/actions/runner-images/blob/ubuntu24/20260622.220/images/ubuntu/Ubuntu2404-Readme.md
static-and-tests (3.9)	Set up job	2026-06-30T01:11:12.3324554Z Image Release: https://github.com/actions/runner-images/releases/tag/ubuntu24%2F20260622.220
static-and-tests (3.9)	Set up job	2026-06-30T01:11:12.3326107Z ##[endgroup]
static-and-tests (3.9)	Set up job	2026-06-30T01:11:12.3327231Z ##[group]GITHUB_TOKEN Permissions
static-and-tests (3.9)	Set up job	2026-06-30T01:11:12.3329260Z Contents: read
static-and-tests (3.9)	Set up job	2026-06-30T01:11:12.3329904Z Metadata: read
static-and-tests (3.9)	Set up job	2026-06-30T01:11:12.3330550Z ##[endgroup]
static-and-tests (3.9)	Set up job	2026-06-30T01:11:12.3332582Z Secret source: Actions
static-and-tests (3.9)	Set up job	2026-06-30T01:11:12.3333351Z Prepare workflow directory
static-and-tests (3.9)	Set up job	2026-06-30T01:11:12.3695937Z Prepare all required actions
static-and-tests (3.9)	Set up job	2026-06-30T01:11:12.3753788Z Getting action download info
static-and-tests (3.9)	Set up job	2026-06-30T01:11:12.7302091Z Download action repository 'actions/checkout@df4cb1c069e1874edd31b4311f1884172cec0e10' (SHA:df4cb1c069e1874edd31b4311f1884172cec0e10)
static-and-tests (3.9)	Set up job	2026-06-30T01:11:12.8228562Z Download action repository 'actions/setup-python@a309ff8b426b58ec0e2a45f0f869d46889d02405' (SHA:a309ff8b426b58ec0e2a45f0f869d46889d02405)
static-and-tests (3.9)	Set up job	2026-06-30T01:11:12.9322591Z Download action repository 'actions/upload-artifact@043fb46d1a93c77aae656e7c1c64a875d1fc6a0a' (SHA:043fb46d1a93c77aae656e7c1c64a875d1fc6a0a)
static-and-tests (3.9)	Set up job	2026-06-30T01:11:13.1000505Z Complete job name: static-and-tests (3.9)
static-and-tests (3.9)	Run actions/checkout@df4cb1c069e1874edd31b4311f1884172cec0e10	﻿2026-06-30T01:11:13.1763859Z ##[group]Run actions/checkout@df4cb1c069e1874edd31b4311f1884172cec0e10
static-and-tests (3.9)	Run actions/checkout@df4cb1c069e1874edd31b4311f1884172cec0e10	2026-06-30T01:11:13.1765207Z with:
static-and-tests (3.9)	Run actions/checkout@df4cb1c069e1874edd31b4311f1884172cec0e10	2026-06-30T01:11:13.1765823Z   repository: charpentieralexandre93-ux/Corep-engine-community
static-and-tests (3.9)	Run actions/checkout@df4cb1c069e1874edd31b4311f1884172cec0e10	2026-06-30T01:11:13.1770212Z   token: ***
static-and-tests (3.9)	Run actions/checkout@df4cb1c069e1874edd31b4311f1884172cec0e10	2026-06-30T01:11:13.1770657Z   ssh-strict: true
static-and-tests (3.9)	Run actions/checkout@df4cb1c069e1874edd31b4311f1884172cec0e10	2026-06-30T01:11:13.1771113Z   ssh-user: git
static-and-tests (3.9)	Run actions/checkout@df4cb1c069e1874edd31b4311f1884172cec0e10	2026-06-30T01:11:13.1771574Z   persist-credentials: true
static-and-tests (3.9)	Run actions/checkout@df4cb1c069e1874edd31b4311f1884172cec0e10	2026-06-30T01:11:13.1772073Z   clean: true
static-and-tests (3.9)	Run actions/checkout@df4cb1c069e1874edd31b4311f1884172cec0e10	2026-06-30T01:11:13.1772605Z   sparse-checkout-cone-mode: true
static-and-tests (3.9)	Run actions/checkout@df4cb1c069e1874edd31b4311f1884172cec0e10	2026-06-30T01:11:13.1773140Z   fetch-depth: 1
static-and-tests (3.9)	Run actions/checkout@df4cb1c069e1874edd31b4311f1884172cec0e10	2026-06-30T01:11:13.1773575Z   fetch-tags: false
static-and-tests (3.9)	Run actions/checkout@df4cb1c069e1874edd31b4311f1884172cec0e10	2026-06-30T01:11:13.1774035Z   show-progress: true
static-and-tests (3.9)	Run actions/checkout@df4cb1c069e1874edd31b4311f1884172cec0e10	2026-06-30T01:11:13.1774497Z   lfs: false
static-and-tests (3.9)	Run actions/checkout@df4cb1c069e1874edd31b4311f1884172cec0e10	2026-06-30T01:11:13.1775081Z   submodules: false
static-and-tests (3.9)	Run actions/checkout@df4cb1c069e1874edd31b4311f1884172cec0e10	2026-06-30T01:11:13.1775546Z   set-safe-directory: true
static-and-tests (3.9)	Run actions/checkout@df4cb1c069e1874edd31b4311f1884172cec0e10	2026-06-30T01:11:13.1776311Z ##[endgroup]
static-and-tests (3.9)	Run actions/checkout@df4cb1c069e1874edd31b4311f1884172cec0e10	2026-06-30T01:11:13.2727110Z Syncing repository: charpentieralexandre93-ux/Corep-engine-community
static-and-tests (3.9)	Run actions/checkout@df4cb1c069e1874edd31b4311f1884172cec0e10	2026-06-30T01:11:13.2729145Z ##[group]Getting Git version info
static-and-tests (3.9)	Run actions/checkout@df4cb1c069e1874edd31b4311f1884172cec0e10	2026-06-30T01:11:13.2730220Z Working directory is '/home/runner/work/Corep-engine-community/Corep-engine-community'
static-and-tests (3.9)	Run actions/checkout@df4cb1c069e1874edd31b4311f1884172cec0e10	2026-06-30T01:11:13.2731524Z [command]/usr/bin/git version
static-and-tests (3.9)	Run actions/checkout@df4cb1c069e1874edd31b4311f1884172cec0e10	2026-06-30T01:11:13.2800237Z git version 2.54.0
static-and-tests (3.9)	Run actions/checkout@df4cb1c069e1874edd31b4311f1884172cec0e10	2026-06-30T01:11:13.2822944Z ##[endgroup]
static-and-tests (3.9)	Run actions/checkout@df4cb1c069e1874edd31b4311f1884172cec0e10	2026-06-30T01:11:13.2836618Z Temporarily overriding HOME='/home/runner/work/_temp/582adc36-9da7-447d-9ea9-a26abfc116a7' before making global git config changes
static-and-tests (3.9)	Run actions/checkout@df4cb1c069e1874edd31b4311f1884172cec0e10	2026-06-30T01:11:13.2838087Z Adding repository directory to the temporary git global config as a safe directory
static-and-tests (3.9)	Run actions/checkout@df4cb1c069e1874edd31b4311f1884172cec0e10	2026-06-30T01:11:13.2843232Z [command]/usr/bin/git config --global --add safe.directory /home/runner/work/Corep-engine-community/Corep-engine-community
static-and-tests (3.9)	Run actions/checkout@df4cb1c069e1874edd31b4311f1884172cec0e10	2026-06-30T01:11:13.2890877Z Deleting the contents of '/home/runner/work/Corep-engine-community/Corep-engine-community'
static-and-tests (3.9)	Run actions/checkout@df4cb1c069e1874edd31b4311f1884172cec0e10	2026-06-30T01:11:13.2895141Z ##[group]Determining repository object format
static-and-tests (3.9)	Run actions/checkout@df4cb1c069e1874edd31b4311f1884172cec0e10	2026-06-30T01:11:13.2897798Z ##[endgroup]
static-and-tests (3.9)	Run actions/checkout@df4cb1c069e1874edd31b4311f1884172cec0e10	2026-06-30T01:11:13.2899121Z ##[group]Initializing the repository
static-and-tests (3.9)	Run actions/checkout@df4cb1c069e1874edd31b4311f1884172cec0e10	2026-06-30T01:11:13.2903927Z [command]/usr/bin/git init /home/runner/work/Corep-engine-community/Corep-engine-community
static-and-tests (3.9)	Run actions/checkout@df4cb1c069e1874edd31b4311f1884172cec0e10	2026-06-30T01:11:13.3034164Z hint: Using 'master' as the name for the initial branch. This default branch name
static-and-tests (3.9)	Run actions/checkout@df4cb1c069e1874edd31b4311f1884172cec0e10	2026-06-30T01:11:13.3036493Z hint: will change to "main" in Git 3.0. To configure the initial branch name
static-and-tests (3.9)	Run actions/checkout@df4cb1c069e1874edd31b4311f1884172cec0e10	2026-06-30T01:11:13.3038254Z hint: to use in all of your new repositories, which will suppress this warning,
static-and-tests (3.9)	Run actions/checkout@df4cb1c069e1874edd31b4311f1884172cec0e10	2026-06-30T01:11:13.3039814Z hint: call:
static-and-tests (3.9)	Run actions/checkout@df4cb1c069e1874edd31b4311f1884172cec0e10	2026-06-30T01:11:13.3040531Z hint:
static-and-tests (3.9)	Run actions/checkout@df4cb1c069e1874edd31b4311f1884172cec0e10	2026-06-30T01:11:13.3041473Z hint: 	git config --global init.defaultBranch <name>
static-and-tests (3.9)	Run actions/checkout@df4cb1c069e1874edd31b4311f1884172cec0e10	2026-06-30T01:11:13.3042623Z hint:
static-and-tests (3.9)	Run actions/checkout@df4cb1c069e1874edd31b4311f1884172cec0e10	2026-06-30T01:11:13.3043636Z hint: Names commonly chosen instead of 'master' are 'main', 'trunk' and
static-and-tests (3.9)	Run actions/checkout@df4cb1c069e1874edd31b4311f1884172cec0e10	2026-06-30T01:11:13.3045427Z hint: 'development'. The just-created branch can be renamed via this command:
static-and-tests (3.9)	Run actions/checkout@df4cb1c069e1874edd31b4311f1884172cec0e10	2026-06-30T01:11:13.3046799Z hint:
static-and-tests (3.9)	Run actions/checkout@df4cb1c069e1874edd31b4311f1884172cec0e10	2026-06-30T01:11:13.3047592Z hint: 	git branch -m <name>
static-and-tests (3.9)	Run actions/checkout@df4cb1c069e1874edd31b4311f1884172cec0e10	2026-06-30T01:11:13.3048484Z hint:
static-and-tests (3.9)	Run actions/checkout@df4cb1c069e1874edd31b4311f1884172cec0e10	2026-06-30T01:11:13.3049627Z hint: Disable this message with "git config set advice.defaultBranchName false"
static-and-tests (3.9)	Run actions/checkout@df4cb1c069e1874edd31b4311f1884172cec0e10	2026-06-30T01:11:13.3058170Z Initialized empty Git repository in /home/runner/work/Corep-engine-community/Corep-engine-community/.git/
static-and-tests (3.9)	Run actions/checkout@df4cb1c069e1874edd31b4311f1884172cec0e10	2026-06-30T01:11:13.3070172Z [command]/usr/bin/git remote add origin https://github.com/charpentieralexandre93-ux/Corep-engine-community
static-and-tests (3.9)	Run actions/checkout@df4cb1c069e1874edd31b4311f1884172cec0e10	2026-06-30T01:11:13.3115104Z ##[endgroup]
static-and-tests (3.9)	Run actions/checkout@df4cb1c069e1874edd31b4311f1884172cec0e10	2026-06-30T01:11:13.3115962Z ##[group]Disabling automatic garbage collection
static-and-tests (3.9)	Run actions/checkout@df4cb1c069e1874edd31b4311f1884172cec0e10	2026-06-30T01:11:13.3118914Z [command]/usr/bin/git config --local gc.auto 0
static-and-tests (3.9)	Run actions/checkout@df4cb1c069e1874edd31b4311f1884172cec0e10	2026-06-30T01:11:13.3146997Z ##[endgroup]
static-and-tests (3.9)	Run actions/checkout@df4cb1c069e1874edd31b4311f1884172cec0e10	2026-06-30T01:11:13.3147749Z ##[group]Setting up auth
static-and-tests (3.9)	Run actions/checkout@df4cb1c069e1874edd31b4311f1884172cec0e10	2026-06-30T01:11:13.3148376Z Removing SSH command configuration
static-and-tests (3.9)	Run actions/checkout@df4cb1c069e1874edd31b4311f1884172cec0e10	2026-06-30T01:11:13.3153886Z [command]/usr/bin/git config --local --name-only --get-regexp core\.sshCommand
static-and-tests (3.9)	Run actions/checkout@df4cb1c069e1874edd31b4311f1884172cec0e10	2026-06-30T01:11:13.3187270Z [command]/usr/bin/git submodule foreach --recursive sh -c "git config --local --name-only --get-regexp 'core\.sshCommand' && git config --local --unset-all 'core.sshCommand' || :"
static-and-tests (3.9)	Run actions/checkout@df4cb1c069e1874edd31b4311f1884172cec0e10	2026-06-30T01:11:13.3543726Z Removing HTTP extra header
static-and-tests (3.9)	Run actions/checkout@df4cb1c069e1874edd31b4311f1884172cec0e10	2026-06-30T01:11:13.3548674Z [command]/usr/bin/git config --local --name-only --get-regexp http\.https\:\/\/github\.com\/\.extraheader
static-and-tests (3.9)	Run actions/checkout@df4cb1c069e1874edd31b4311f1884172cec0e10	2026-06-30T01:11:13.3580984Z [command]/usr/bin/git submodule foreach --recursive sh -c "git config --local --name-only --get-regexp 'http\.https\:\/\/github\.com\/\.extraheader' && git config --local --unset-all 'http.https://github.com/.extraheader' || :"
static-and-tests (3.9)	Run actions/checkout@df4cb1c069e1874edd31b4311f1884172cec0e10	2026-06-30T01:11:13.3791388Z Removing includeIf entries pointing to credentials config files
static-and-tests (3.9)	Run actions/checkout@df4cb1c069e1874edd31b4311f1884172cec0e10	2026-06-30T01:11:13.3797919Z [command]/usr/bin/git config --local --name-only --get-regexp ^includeIf\.gitdir:
static-and-tests (3.9)	Run actions/checkout@df4cb1c069e1874edd31b4311f1884172cec0e10	2026-06-30T01:11:13.3827020Z [command]/usr/bin/git submodule foreach --recursive git config --local --show-origin --name-only --get-regexp remote.origin.url
static-and-tests (3.9)	Run actions/checkout@df4cb1c069e1874edd31b4311f1884172cec0e10	2026-06-30T01:11:13.4051233Z [command]/usr/bin/git config --file /home/runner/work/_temp/git-credentials-74f2bca1-e580-4eeb-9de1-89b090dc2c72.config http.https://github.com/.extraheader AUTHORIZATION: basic ***
static-and-tests (3.9)	Run actions/checkout@df4cb1c069e1874edd31b4311f1884172cec0e10	2026-06-30T01:11:13.4092387Z [command]/usr/bin/git config --local includeIf.gitdir:/home/runner/work/Corep-engine-community/Corep-engine-community/.git.path /home/runner/work/_temp/git-credentials-74f2bca1-e580-4eeb-9de1-89b090dc2c72.config
static-and-tests (3.9)	Run actions/checkout@df4cb1c069e1874edd31b4311f1884172cec0e10	2026-06-30T01:11:13.4123527Z [command]/usr/bin/git config --local includeIf.gitdir:/home/runner/work/Corep-engine-community/Corep-engine-community/.git/worktrees/*.path /home/runner/work/_temp/git-credentials-74f2bca1-e580-4eeb-9de1-89b090dc2c72.config
static-and-tests (3.9)	Run actions/checkout@df4cb1c069e1874edd31b4311f1884172cec0e10	2026-06-30T01:11:13.4157875Z [command]/usr/bin/git config --local includeIf.gitdir:/github/workspace/.git.path /github/runner_temp/git-credentials-74f2bca1-e580-4eeb-9de1-89b090dc2c72.config
static-and-tests (3.9)	Run actions/checkout@df4cb1c069e1874edd31b4311f1884172cec0e10	2026-06-30T01:11:13.4188382Z [command]/usr/bin/git config --local includeIf.gitdir:/github/workspace/.git/worktrees/*.path /github/runner_temp/git-credentials-74f2bca1-e580-4eeb-9de1-89b090dc2c72.config
static-and-tests (3.9)	Run actions/checkout@df4cb1c069e1874edd31b4311f1884172cec0e10	2026-06-30T01:11:13.4218793Z ##[endgroup]
static-and-tests (3.9)	Run actions/checkout@df4cb1c069e1874edd31b4311f1884172cec0e10	2026-06-30T01:11:13.4220544Z ##[group]Fetching the repository
static-and-tests (3.9)	Run actions/checkout@df4cb1c069e1874edd31b4311f1884172cec0e10	2026-06-30T01:11:13.4228561Z [command]/usr/bin/git -c protocol.version=2 fetch --no-tags --prune --no-recurse-submodules --depth=1 origin +fc76f59b569bd2d113feb6df10d62fcd590e110b:refs/remotes/pull/25/merge
static-and-tests (3.9)	Run actions/checkout@df4cb1c069e1874edd31b4311f1884172cec0e10	2026-06-30T01:11:13.9035681Z From https://github.com/charpentieralexandre93-ux/Corep-engine-community
static-and-tests (3.9)	Run actions/checkout@df4cb1c069e1874edd31b4311f1884172cec0e10	2026-06-30T01:11:13.9037025Z  * [new ref]         fc76f59b569bd2d113feb6df10d62fcd590e110b -> pull/25/merge
static-and-tests (3.9)	Run actions/checkout@df4cb1c069e1874edd31b4311f1884172cec0e10	2026-06-30T01:11:13.9084235Z ##[endgroup]
static-and-tests (3.9)	Run actions/checkout@df4cb1c069e1874edd31b4311f1884172cec0e10	2026-06-30T01:11:13.9091026Z ##[group]Determining the checkout info
static-and-tests (3.9)	Run actions/checkout@df4cb1c069e1874edd31b4311f1884172cec0e10	2026-06-30T01:11:13.9091911Z ##[endgroup]
static-and-tests (3.9)	Run actions/checkout@df4cb1c069e1874edd31b4311f1884172cec0e10	2026-06-30T01:11:13.9092417Z [command]/usr/bin/git sparse-checkout disable
static-and-tests (3.9)	Run actions/checkout@df4cb1c069e1874edd31b4311f1884172cec0e10	2026-06-30T01:11:13.9129534Z [command]/usr/bin/git config --local --unset-all extensions.worktreeConfig
static-and-tests (3.9)	Run actions/checkout@df4cb1c069e1874edd31b4311f1884172cec0e10	2026-06-30T01:11:13.9157056Z ##[group]Checking out the ref
static-and-tests (3.9)	Run actions/checkout@df4cb1c069e1874edd31b4311f1884172cec0e10	2026-06-30T01:11:13.9161244Z [command]/usr/bin/git checkout --progress --force refs/remotes/pull/25/merge
static-and-tests (3.9)	Run actions/checkout@df4cb1c069e1874edd31b4311f1884172cec0e10	2026-06-30T01:11:13.9377189Z Note: switching to 'refs/remotes/pull/25/merge'.
static-and-tests (3.9)	Run actions/checkout@df4cb1c069e1874edd31b4311f1884172cec0e10	2026-06-30T01:11:13.9378270Z 
static-and-tests (3.9)	Run actions/checkout@df4cb1c069e1874edd31b4311f1884172cec0e10	2026-06-30T01:11:13.9379066Z You are in 'detached HEAD' state. You can look around, make experimental
static-and-tests (3.9)	Run actions/checkout@df4cb1c069e1874edd31b4311f1884172cec0e10	2026-06-30T01:11:13.9380734Z changes and commit them, and you can discard any commits you make in this
static-and-tests (3.9)	Run actions/checkout@df4cb1c069e1874edd31b4311f1884172cec0e10	2026-06-30T01:11:13.9382464Z state without impacting any branches by switching back to a branch.
static-and-tests (3.9)	Run actions/checkout@df4cb1c069e1874edd31b4311f1884172cec0e10	2026-06-30T01:11:13.9383464Z 
static-and-tests (3.9)	Run actions/checkout@df4cb1c069e1874edd31b4311f1884172cec0e10	2026-06-30T01:11:13.9384115Z If you want to create a new branch to retain commits you create, you may
static-and-tests (3.9)	Run actions/checkout@df4cb1c069e1874edd31b4311f1884172cec0e10	2026-06-30T01:11:13.9385934Z do so (now or later) by using -c with the switch command. Example:
static-and-tests (3.9)	Run actions/checkout@df4cb1c069e1874edd31b4311f1884172cec0e10	2026-06-30T01:11:13.9386844Z 
static-and-tests (3.9)	Run actions/checkout@df4cb1c069e1874edd31b4311f1884172cec0e10	2026-06-30T01:11:13.9387234Z   git switch -c <new-branch-name>
static-and-tests (3.9)	Run actions/checkout@df4cb1c069e1874edd31b4311f1884172cec0e10	2026-06-30T01:11:13.9387836Z 
static-and-tests (3.9)	Run actions/checkout@df4cb1c069e1874edd31b4311f1884172cec0e10	2026-06-30T01:11:13.9388213Z Or undo this operation with:
static-and-tests (3.9)	Run actions/checkout@df4cb1c069e1874edd31b4311f1884172cec0e10	2026-06-30T01:11:13.9388804Z 
static-and-tests (3.9)	Run actions/checkout@df4cb1c069e1874edd31b4311f1884172cec0e10	2026-06-30T01:11:13.9389157Z   git switch -
static-and-tests (3.9)	Run actions/checkout@df4cb1c069e1874edd31b4311f1884172cec0e10	2026-06-30T01:11:13.9389611Z 
static-and-tests (3.9)	Run actions/checkout@df4cb1c069e1874edd31b4311f1884172cec0e10	2026-06-30T01:11:13.9390334Z Turn off this advice by setting config variable advice.detachedHead to false
static-and-tests (3.9)	Run actions/checkout@df4cb1c069e1874edd31b4311f1884172cec0e10	2026-06-30T01:11:13.9391470Z 
static-and-tests (3.9)	Run actions/checkout@df4cb1c069e1874edd31b4311f1884172cec0e10	2026-06-30T01:11:13.9392616Z HEAD is now at fc76f59 Merge 97b4ea15138b9f5d6483b7b9cf51bf9cc099792b into bd79badc68cc8dce7c5b243d7b30440624b33180
static-and-tests (3.9)	Run actions/checkout@df4cb1c069e1874edd31b4311f1884172cec0e10	2026-06-30T01:11:13.9396146Z ##[endgroup]
static-and-tests (3.9)	Run actions/checkout@df4cb1c069e1874edd31b4311f1884172cec0e10	2026-06-30T01:11:13.9398341Z [command]/usr/bin/git log -1 --format=%H
static-and-tests (3.9)	Run actions/checkout@df4cb1c069e1874edd31b4311f1884172cec0e10	2026-06-30T01:11:13.9399415Z fc76f59b569bd2d113feb6df10d62fcd590e110b
static-and-tests (3.9)	Run actions/setup-python@a309ff8b426b58ec0e2a45f0f869d46889d02405	﻿2026-06-30T01:11:13.9656812Z ##[group]Run actions/setup-python@a309ff8b426b58ec0e2a45f0f869d46889d02405
static-and-tests (3.9)	Run actions/setup-python@a309ff8b426b58ec0e2a45f0f869d46889d02405	2026-06-30T01:11:13.9657620Z with:
static-and-tests (3.9)	Run actions/setup-python@a309ff8b426b58ec0e2a45f0f869d46889d02405	2026-06-30T01:11:13.9658037Z   python-version: 3.9
static-and-tests (3.9)	Run actions/setup-python@a309ff8b426b58ec0e2a45f0f869d46889d02405	2026-06-30T01:11:13.9658484Z   cache: pip
static-and-tests (3.9)	Run actions/setup-python@a309ff8b426b58ec0e2a45f0f869d46889d02405	2026-06-30T01:11:13.9658895Z   check-latest: false
static-and-tests (3.9)	Run actions/setup-python@a309ff8b426b58ec0e2a45f0f869d46889d02405	2026-06-30T01:11:13.9662981Z   token: ***
static-and-tests (3.9)	Run actions/setup-python@a309ff8b426b58ec0e2a45f0f869d46889d02405	2026-06-30T01:11:13.9663417Z   update-environment: true
static-and-tests (3.9)	Run actions/setup-python@a309ff8b426b58ec0e2a45f0f869d46889d02405	2026-06-30T01:11:13.9663909Z   allow-prereleases: false
static-and-tests (3.9)	Run actions/setup-python@a309ff8b426b58ec0e2a45f0f869d46889d02405	2026-06-30T01:11:13.9664392Z   freethreaded: false
static-and-tests (3.9)	Run actions/setup-python@a309ff8b426b58ec0e2a45f0f869d46889d02405	2026-06-30T01:11:13.9665179Z ##[endgroup]
static-and-tests (3.9)	Run actions/setup-python@a309ff8b426b58ec0e2a45f0f869d46889d02405	2026-06-30T01:11:14.0972203Z ##[group]Installed versions
static-and-tests (3.9)	Run actions/setup-python@a309ff8b426b58ec0e2a45f0f869d46889d02405	2026-06-30T01:11:14.1062075Z Version 3.9 was not found in the local cache
static-and-tests (3.9)	Run actions/setup-python@a309ff8b426b58ec0e2a45f0f869d46889d02405	2026-06-30T01:11:15.1121675Z Version 3.9 is available for downloading
static-and-tests (3.9)	Run actions/setup-python@a309ff8b426b58ec0e2a45f0f869d46889d02405	2026-06-30T01:11:15.1123204Z Download from "https://github.com/actions/python-versions/releases/download/3.9.25-19039189640/python-3.9.25-linux-24.04-x64.tar.gz"
static-and-tests (3.9)	Run actions/setup-python@a309ff8b426b58ec0e2a45f0f869d46889d02405	2026-06-30T01:11:15.7472753Z Extract downloaded archive
static-and-tests (3.9)	Run actions/setup-python@a309ff8b426b58ec0e2a45f0f869d46889d02405	2026-06-30T01:11:15.7597430Z [command]/usr/bin/tar xz --warning=no-unknown-keyword --overwrite -C /home/runner/work/_temp/dad310d3-0a9e-4bf0-ba2b-13ad0b248ae5 -f /home/runner/work/_temp/33337040-caf8-45a6-b381-2d984ec80503
static-and-tests (3.9)	Run actions/setup-python@a309ff8b426b58ec0e2a45f0f869d46889d02405	2026-06-30T01:11:17.1676529Z Execute installation script
static-and-tests (3.9)	Run actions/setup-python@a309ff8b426b58ec0e2a45f0f869d46889d02405	2026-06-30T01:11:17.1797824Z Check if Python hostedtoolcache folder exist...
static-and-tests (3.9)	Run actions/setup-python@a309ff8b426b58ec0e2a45f0f869d46889d02405	2026-06-30T01:11:17.1799185Z Create Python 3.9.25 folder
static-and-tests (3.9)	Run actions/setup-python@a309ff8b426b58ec0e2a45f0f869d46889d02405	2026-06-30T01:11:17.1825549Z Copy Python binaries to hostedtoolcache folder
static-and-tests (3.9)	Run actions/setup-python@a309ff8b426b58ec0e2a45f0f869d46889d02405	2026-06-30T01:11:17.6403509Z Create additional symlinks (Required for the UsePythonVersion Azure Pipelines task and the setup-python GitHub Action)
static-and-tests (3.9)	Run actions/setup-python@a309ff8b426b58ec0e2a45f0f869d46889d02405	2026-06-30T01:11:17.6445789Z Upgrading pip...
static-and-tests (3.9)	Run actions/setup-python@a309ff8b426b58ec0e2a45f0f869d46889d02405	2026-06-30T01:11:20.2063672Z Looking in links: /tmp/tmpfjczbu1e
static-and-tests (3.9)	Run actions/setup-python@a309ff8b426b58ec0e2a45f0f869d46889d02405	2026-06-30T01:11:20.2068714Z Requirement already satisfied: setuptools in /opt/hostedtoolcache/Python/3.9.25/x64/lib/python3.9/site-packages (79.0.1)
static-and-tests (3.9)	Run actions/setup-python@a309ff8b426b58ec0e2a45f0f869d46889d02405	2026-06-30T01:11:20.2073424Z Requirement already satisfied: pip in /opt/hostedtoolcache/Python/3.9.25/x64/lib/python3.9/site-packages (23.0.1)
static-and-tests (3.9)	Run actions/setup-python@a309ff8b426b58ec0e2a45f0f869d46889d02405	2026-06-30T01:11:21.8822232Z Collecting pip
static-and-tests (3.9)	Run actions/setup-python@a309ff8b426b58ec0e2a45f0f869d46889d02405	2026-06-30T01:11:21.9143280Z Downloading pip-26.0.1-py3-none-any.whl (1.8 MB)
static-and-tests (3.9)	Run actions/setup-python@a309ff8b426b58ec0e2a45f0f869d46889d02405	2026-06-30T01:11:21.9649643Z ━━━━━━━━━━━━━━━━━━━━━━━━━━━━━━━━━━━━━━━━ 1.8/1.8 MB 37.2 MB/s eta 0:00:00
static-and-tests (3.9)	Run actions/setup-python@a309ff8b426b58ec0e2a45f0f869d46889d02405	2026-06-30T01:11:21.9676006Z 
static-and-tests (3.9)	Run actions/setup-python@a309ff8b426b58ec0e2a45f0f869d46889d02405	2026-06-30T01:11:22.0283049Z Installing collected packages: pip
static-and-tests (3.9)	Run actions/setup-python@a309ff8b426b58ec0e2a45f0f869d46889d02405	2026-06-30T01:11:22.0285430Z Attempting uninstall: pip
static-and-tests (3.9)	Run actions/setup-python@a309ff8b426b58ec0e2a45f0f869d46889d02405	2026-06-30T01:11:22.0293974Z Found existing installation: pip 23.0.1
static-and-tests (3.9)	Run actions/setup-python@a309ff8b426b58ec0e2a45f0f869d46889d02405	2026-06-30T01:11:22.2330587Z Uninstalling pip-23.0.1:
static-and-tests (3.9)	Run actions/setup-python@a309ff8b426b58ec0e2a45f0f869d46889d02405	2026-06-30T01:11:22.2402588Z Successfully uninstalled pip-23.0.1
static-and-tests (3.9)	Run actions/setup-python@a309ff8b426b58ec0e2a45f0f869d46889d02405	2026-06-30T01:11:23.0968475Z Successfully installed pip-26.0.1
static-and-tests (3.9)	Run actions/setup-python@a309ff8b426b58ec0e2a45f0f869d46889d02405	2026-06-30T01:11:23.1515706Z Create complete file
static-and-tests (3.9)	Run actions/setup-python@a309ff8b426b58ec0e2a45f0f869d46889d02405	2026-06-30T01:11:23.1564515Z Successfully set up CPython (3.9.25)
static-and-tests (3.9)	Run actions/setup-python@a309ff8b426b58ec0e2a45f0f869d46889d02405	2026-06-30T01:11:23.1566880Z ##[endgroup]
static-and-tests (3.9)	Run actions/setup-python@a309ff8b426b58ec0e2a45f0f869d46889d02405	2026-06-30T01:11:23.2222246Z [command]/opt/hostedtoolcache/Python/3.9.25/x64/bin/pip cache dir
static-and-tests (3.9)	Run actions/setup-python@a309ff8b426b58ec0e2a45f0f869d46889d02405	2026-06-30T01:11:23.3885699Z /home/runner/.cache/pip
static-and-tests (3.9)	Run actions/setup-python@a309ff8b426b58ec0e2a45f0f869d46889d02405	2026-06-30T01:11:23.6617754Z Cache hit for restore-key: setup-python-Linux-x64-24.04-Ubuntu-python-3.9.25-pip-37253af06e0fc63a46f0b300678f5271f82328a05754f0e093eaa4dc4b799810
static-and-tests (3.9)	Run actions/setup-python@a309ff8b426b58ec0e2a45f0f869d46889d02405	2026-06-30T01:11:24.9704431Z Received 0 of 111042300 (0.0%), 0.0 MBs/sec
static-and-tests (3.9)	Run actions/setup-python@a309ff8b426b58ec0e2a45f0f869d46889d02405	2026-06-30T01:11:25.9745642Z Received 106847996 of 111042300 (96.2%), 50.9 MBs/sec
static-and-tests (3.9)	Run actions/setup-python@a309ff8b426b58ec0e2a45f0f869d46889d02405	2026-06-30T01:11:26.0069292Z Received 111042300 of 111042300 (100.0%), 52.0 MBs/sec
static-and-tests (3.9)	Run actions/setup-python@a309ff8b426b58ec0e2a45f0f869d46889d02405	2026-06-30T01:11:26.0070621Z Cache Size: ~106 MB (111042300 B)
static-and-tests (3.9)	Run actions/setup-python@a309ff8b426b58ec0e2a45f0f869d46889d02405	2026-06-30T01:11:26.0107491Z [command]/usr/bin/tar -xf /home/runner/work/_temp/6d3590dd-7fa4-472f-816b-dda7aa7fffbd/cache.tzst -P -C /home/runner/work/Corep-engine-community/Corep-engine-community --use-compress-program unzstd
static-and-tests (3.9)	Run actions/setup-python@a309ff8b426b58ec0e2a45f0f869d46889d02405	2026-06-30T01:11:26.1734874Z Cache restored successfully
static-and-tests (3.9)	Run actions/setup-python@a309ff8b426b58ec0e2a45f0f869d46889d02405	2026-06-30T01:11:26.1791929Z Cache restored from key: setup-python-Linux-x64-24.04-Ubuntu-python-3.9.25-pip-37253af06e0fc63a46f0b300678f5271f82328a05754f0e093eaa4dc4b799810
static-and-tests (3.9)	Installer le projet et les outils	﻿2026-06-30T01:11:26.2018570Z ##[group]Run if [ "3.9" = "3.11" ]; then
static-and-tests (3.9)	Installer le projet et les outils	2026-06-30T01:11:26.2018962Z ^[[36;1mif [ "3.9" = "3.11" ]; then^[[0m
static-and-tests (3.9)	Installer le projet et les outils	2026-06-30T01:11:26.2019437Z ^[[36;1m  python -m pip install --require-hashes -r requirements-dev-py311-linux.lock^[[0m
static-and-tests (3.9)	Installer le projet et les outils	2026-06-30T01:11:26.2019981Z ^[[36;1m  python -m pip install --no-deps -e ".[dev,postgres]"^[[0m
static-and-tests (3.9)	Installer le projet et les outils	2026-06-30T01:11:26.2020320Z ^[[36;1melse^[[0m
static-and-tests (3.9)	Installer le projet et les outils	2026-06-30T01:11:26.2020598Z ^[[36;1m  python -m pip install -e ".[dev]" ruff bandit build^[[0m
static-and-tests (3.9)	Installer le projet et les outils	2026-06-30T01:11:26.2020917Z ^[[36;1mfi^[[0m
static-and-tests (3.9)	Installer le projet et les outils	2026-06-30T01:11:26.2198938Z shell: /usr/bin/bash --noprofile --norc -e -o pipefail {0}
static-and-tests (3.9)	Installer le projet et les outils	2026-06-30T01:11:26.2199417Z env:
static-and-tests (3.9)	Installer le projet et les outils	2026-06-30T01:11:26.2199761Z   pythonLocation: /opt/hostedtoolcache/Python/3.9.25/x64
static-and-tests (3.9)	Installer le projet et les outils	2026-06-30T01:11:26.2200328Z   PKG_CONFIG_PATH: /opt/hostedtoolcache/Python/3.9.25/x64/lib/pkgconfig
static-and-tests (3.9)	Installer le projet et les outils	2026-06-30T01:11:26.2200905Z   Python_ROOT_DIR: /opt/hostedtoolcache/Python/3.9.25/x64
static-and-tests (3.9)	Installer le projet et les outils	2026-06-30T01:11:26.2201408Z   Python2_ROOT_DIR: /opt/hostedtoolcache/Python/3.9.25/x64
static-and-tests (3.9)	Installer le projet et les outils	2026-06-30T01:11:26.2201953Z   Python3_ROOT_DIR: /opt/hostedtoolcache/Python/3.9.25/x64
static-and-tests (3.9)	Installer le projet et les outils	2026-06-30T01:11:26.2202496Z   LD_LIBRARY_PATH: /opt/hostedtoolcache/Python/3.9.25/x64/lib
static-and-tests (3.9)	Installer le projet et les outils	2026-06-30T01:11:26.2202922Z ##[endgroup]
static-and-tests (3.9)	Installer le projet et les outils	2026-06-30T01:11:26.5500529Z Obtaining file:///home/runner/work/Corep-engine-community/Corep-engine-community
static-and-tests (3.9)	Installer le projet et les outils	2026-06-30T01:11:26.5535164Z   Installing build dependencies: started
static-and-tests (3.9)	Installer le projet et les outils	2026-06-30T01:11:27.4382216Z   Installing build dependencies: finished with status 'done'
static-and-tests (3.9)	Installer le projet et les outils	2026-06-30T01:11:27.4392301Z   Checking if build backend supports build_editable: started
static-and-tests (3.9)	Installer le projet et les outils	2026-06-30T01:11:27.7652578Z   Checking if build backend supports build_editable: finished with status 'done'
static-and-tests (3.9)	Installer le projet et les outils	2026-06-30T01:11:27.7665612Z   Getting requirements to build editable: started
static-and-tests (3.9)	Installer le projet et les outils	2026-06-30T01:11:28.0853901Z   Getting requirements to build editable: finished with status 'done'
static-and-tests (3.9)	Installer le projet et les outils	2026-06-30T01:11:28.0871453Z   Preparing editable metadata (pyproject.toml): started
static-and-tests (3.9)	Installer le projet et les outils	2026-06-30T01:11:28.2795238Z   Preparing editable metadata (pyproject.toml): finished with status 'done'
static-and-tests (3.9)	Installer le projet et les outils	2026-06-30T01:11:28.8053748Z Collecting ruff
static-and-tests (3.9)	Installer le projet et les outils	2026-06-30T01:11:28.8338490Z   Downloading ruff-0.15.20-py3-none-manylinux_2_17_x86_64.manylinux2014_x86_64.whl.metadata (26 kB)
static-and-tests (3.9)	Installer le projet et les outils	2026-06-30T01:11:28.8564824Z Collecting bandit
static-and-tests (3.9)	Installer le projet et les outils	2026-06-30T01:11:28.8582232Z   Using cached bandit-1.8.6-py3-none-any.whl.metadata (6.9 kB)
static-and-tests (3.9)	Installer le projet et les outils	2026-06-30T01:11:28.8750827Z Collecting build
static-and-tests (3.9)	Installer le projet et les outils	2026-06-30T01:11:28.8798687Z   Downloading build-1.4.4-py3-none-any.whl.metadata (5.8 kB)
static-and-tests (3.9)	Installer le projet et les outils	2026-06-30T01:11:28.8857350Z INFO: pip is looking at multiple versions of corep-crr3-community to determine which version is compatible with other requirements. This could take a while.
static-and-tests (3.9)	Installer le projet et les outils	2026-06-30T01:11:28.9625260Z ERROR: Package 'corep-crr3-community' requires a different Python: 3.9.25 not in '<3.14,>=3.11'
static-and-tests (3.9)	Installer le projet et les outils	2026-06-30T01:11:29.0569154Z ##[error]Process completed with exit code 1.
static-and-tests (3.9)	Publier la couverture	﻿2026-06-30T01:11:29.0687280Z ##[group]Run actions/upload-artifact@043fb46d1a93c77aae656e7c1c64a875d1fc6a0a
static-and-tests (3.9)	Publier la couverture	2026-06-30T01:11:29.0687735Z with:
static-and-tests (3.9)	Publier la couverture	2026-06-30T01:11:29.0687948Z   name: community-coverage-py3.9
static-and-tests (3.9)	Publier la couverture	2026-06-30T01:11:29.0688341Z   path: coverage.xml
static-and-tests (3.9)	Publier la couverture	coverage.json
static-and-tests (3.9)	Publier la couverture	evidence/branch_coverage_v6_0_4.json
static-and-tests (3.9)	Publier la couverture	
static-and-tests (3.9)	Publier la couverture	2026-06-30T01:11:29.0688728Z   if-no-files-found: warn
static-and-tests (3.9)	Publier la couverture	2026-06-30T01:11:29.0688961Z   compression-level: 6
static-and-tests (3.9)	Publier la couverture	2026-06-30T01:11:29.0689178Z   overwrite: false
static-and-tests (3.9)	Publier la couverture	2026-06-30T01:11:29.0689394Z   include-hidden-files: false
static-and-tests (3.9)	Publier la couverture	2026-06-30T01:11:29.0689635Z   archive: true
static-and-tests (3.9)	Publier la couverture	2026-06-30T01:11:29.0689825Z env:
static-and-tests (3.9)	Publier la couverture	2026-06-30T01:11:29.0690078Z   pythonLocation: /opt/hostedtoolcache/Python/3.9.25/x64
static-and-tests (3.9)	Publier la couverture	2026-06-30T01:11:29.0690503Z   PKG_CONFIG_PATH: /opt/hostedtoolcache/Python/3.9.25/x64/lib/pkgconfig
static-and-tests (3.9)	Publier la couverture	2026-06-30T01:11:29.0690924Z   Python_ROOT_DIR: /opt/hostedtoolcache/Python/3.9.25/x64
static-and-tests (3.9)	Publier la couverture	2026-06-30T01:11:29.0691302Z   Python2_ROOT_DIR: /opt/hostedtoolcache/Python/3.9.25/x64
static-and-tests (3.9)	Publier la couverture	2026-06-30T01:11:29.0691669Z   Python3_ROOT_DIR: /opt/hostedtoolcache/Python/3.9.25/x64
static-and-tests (3.9)	Publier la couverture	2026-06-30T01:11:29.0692089Z   LD_LIBRARY_PATH: /opt/hostedtoolcache/Python/3.9.25/x64/lib
static-and-tests (3.9)	Publier la couverture	2026-06-30T01:11:29.0692420Z ##[endgroup]
static-and-tests (3.9)	Publier la couverture	2026-06-30T01:11:29.2135774Z Multiple search paths detected. Calculating the least common ancestor of all paths
static-and-tests (3.9)	Publier la couverture	2026-06-30T01:11:29.2147018Z The least common ancestor is /home/runner/work/Corep-engine-community/Corep-engine-community. This will be the root directory of the artifact
static-and-tests (3.9)	Publier la couverture	2026-06-30T01:11:29.2148322Z With the provided path, there will be 1 file uploaded
static-and-tests (3.9)	Publier la couverture	2026-06-30T01:11:29.2148952Z Artifact name is valid!
static-and-tests (3.9)	Publier la couverture	2026-06-30T01:11:29.2149271Z Root directory input is valid!
static-and-tests (3.9)	Publier la couverture	2026-06-30T01:11:29.5607345Z Uploading artifact: community-coverage-py3.9.zip
static-and-tests (3.9)	Publier la couverture	2026-06-30T01:11:29.5653123Z Beginning upload of artifact content to blob storage
static-and-tests (3.9)	Publier la couverture	2026-06-30T01:11:29.8845279Z Uploaded bytes 472
static-and-tests (3.9)	Publier la couverture	2026-06-30T01:11:29.9628242Z Finished uploading artifact content to blob storage!
static-and-tests (3.9)	Publier la couverture	2026-06-30T01:11:29.9629371Z SHA256 digest of uploaded artifact is fae952738a0f211b66a18ad4d6fd247a8234b3f9908b2aa248d187533db4c30a
static-and-tests (3.9)	Publier la couverture	2026-06-30T01:11:29.9630452Z Finalizing artifact upload
static-and-tests (3.9)	Publier la couverture	2026-06-30T01:11:30.3356589Z Artifact community-coverage-py3.9 successfully finalized. Artifact ID 7968503897
static-and-tests (3.9)	Publier la couverture	2026-06-30T01:11:30.3358386Z Artifact community-coverage-py3.9 has been successfully uploaded! Final size is 472 bytes. Artifact ID is 7968503897
static-and-tests (3.9)	Publier la couverture	2026-06-30T01:11:30.3361507Z Artifact download URL: https://github.com/charpentieralexandre93-ux/Corep-engine-community/actions/runs/28413396407/artifacts/7968503897
static-and-tests (3.9)	Post Run actions/checkout@df4cb1c069e1874edd31b4311f1884172cec0e10	﻿2026-06-30T01:11:30.3621100Z Post job cleanup.
static-and-tests (3.9)	Post Run actions/checkout@df4cb1c069e1874edd31b4311f1884172cec0e10	2026-06-30T01:11:30.4620582Z [command]/usr/bin/git version
static-and-tests (3.9)	Post Run actions/checkout@df4cb1c069e1874edd31b4311f1884172cec0e10	2026-06-30T01:11:30.4662893Z git version 2.54.0
static-and-tests (3.9)	Post Run actions/checkout@df4cb1c069e1874edd31b4311f1884172cec0e10	2026-06-30T01:11:30.4707940Z Temporarily overriding HOME='/home/runner/work/_temp/06a904bd-dafc-4d5f-91d4-ef024be74267' before making global git config changes
static-and-tests (3.9)	Post Run actions/checkout@df4cb1c069e1874edd31b4311f1884172cec0e10	2026-06-30T01:11:30.4709406Z Adding repository directory to the temporary git global config as a safe directory
static-and-tests (3.9)	Post Run actions/checkout@df4cb1c069e1874edd31b4311f1884172cec0e10	2026-06-30T01:11:30.4713837Z [command]/usr/bin/git config --global --add safe.directory /home/runner/work/Corep-engine-community/Corep-engine-community
static-and-tests (3.9)	Post Run actions/checkout@df4cb1c069e1874edd31b4311f1884172cec0e10	2026-06-30T01:11:30.4746381Z Removing SSH command configuration
static-and-tests (3.9)	Post Run actions/checkout@df4cb1c069e1874edd31b4311f1884172cec0e10	2026-06-30T01:11:30.4753911Z [command]/usr/bin/git config --local --name-only --get-regexp core\.sshCommand
static-and-tests (3.9)	Post Run actions/checkout@df4cb1c069e1874edd31b4311f1884172cec0e10	2026-06-30T01:11:30.4791256Z [command]/usr/bin/git submodule foreach --recursive sh -c "git config --local --name-only --get-regexp 'core\.sshCommand' && git config --local --unset-all 'core.sshCommand' || :"
static-and-tests (3.9)	Post Run actions/checkout@df4cb1c069e1874edd31b4311f1884172cec0e10	2026-06-30T01:11:30.5025973Z Removing HTTP extra header
static-and-tests (3.9)	Post Run actions/checkout@df4cb1c069e1874edd31b4311f1884172cec0e10	2026-06-30T01:11:30.5031832Z [command]/usr/bin/git config --local --name-only --get-regexp http\.https\:\/\/github\.com\/\.extraheader
static-and-tests (3.9)	Post Run actions/checkout@df4cb1c069e1874edd31b4311f1884172cec0e10	2026-06-30T01:11:30.5065049Z [command]/usr/bin/git submodule foreach --recursive sh -c "git config --local --name-only --get-regexp 'http\.https\:\/\/github\.com\/\.extraheader' && git config --local --unset-all 'http.https://github.com/.extraheader' || :"
static-and-tests (3.9)	Post Run actions/checkout@df4cb1c069e1874edd31b4311f1884172cec0e10	2026-06-30T01:11:30.5295334Z Removing includeIf entries pointing to credentials config files
static-and-tests (3.9)	Post Run actions/checkout@df4cb1c069e1874edd31b4311f1884172cec0e10	2026-06-30T01:11:30.5302221Z [command]/usr/bin/git config --local --name-only --get-regexp ^includeIf\.gitdir:
static-and-tests (3.9)	Post Run actions/checkout@df4cb1c069e1874edd31b4311f1884172cec0e10	2026-06-30T01:11:30.5329574Z includeif.gitdir:/home/runner/work/Corep-engine-community/Corep-engine-community/.git.path
static-and-tests (3.9)	Post Run actions/checkout@df4cb1c069e1874edd31b4311f1884172cec0e10	2026-06-30T01:11:30.5330882Z includeif.gitdir:/home/runner/work/Corep-engine-community/Corep-engine-community/.git/worktrees/*.path
static-and-tests (3.9)	Post Run actions/checkout@df4cb1c069e1874edd31b4311f1884172cec0e10	2026-06-30T01:11:30.5331851Z includeif.gitdir:/github/workspace/.git.path
static-and-tests (3.9)	Post Run actions/checkout@df4cb1c069e1874edd31b4311f1884172cec0e10	2026-06-30T01:11:30.5332494Z includeif.gitdir:/github/workspace/.git/worktrees/*.path
static-and-tests (3.9)	Post Run actions/checkout@df4cb1c069e1874edd31b4311f1884172cec0e10	2026-06-30T01:11:30.5346568Z [command]/usr/bin/git config --local --get-all includeif.gitdir:/home/runner/work/Corep-engine-community/Corep-engine-community/.git.path
static-and-tests (3.9)	Post Run actions/checkout@df4cb1c069e1874edd31b4311f1884172cec0e10	2026-06-30T01:11:30.5361814Z /home/runner/work/_temp/git-credentials-74f2bca1-e580-4eeb-9de1-89b090dc2c72.config
static-and-tests (3.9)	Post Run actions/checkout@df4cb1c069e1874edd31b4311f1884172cec0e10	2026-06-30T01:11:30.5383289Z [command]/usr/bin/git config --local --unset includeif.gitdir:/home/runner/work/Corep-engine-community/Corep-engine-community/.git.path /home/runner/work/_temp/git-credentials-74f2bca1-e580-4eeb-9de1-89b090dc2c72.config
static-and-tests (3.9)	Post Run actions/checkout@df4cb1c069e1874edd31b4311f1884172cec0e10	2026-06-30T01:11:30.5411268Z [command]/usr/bin/git config --local --get-all includeif.gitdir:/home/runner/work/Corep-engine-community/Corep-engine-community/.git/worktrees/*.path
static-and-tests (3.9)	Post Run actions/checkout@df4cb1c069e1874edd31b4311f1884172cec0e10	2026-06-30T01:11:30.5438654Z /home/runner/work/_temp/git-credentials-74f2bca1-e580-4eeb-9de1-89b090dc2c72.config
static-and-tests (3.9)	Post Run actions/checkout@df4cb1c069e1874edd31b4311f1884172cec0e10	2026-06-30T01:11:30.5448400Z [command]/usr/bin/git config --local --unset includeif.gitdir:/home/runner/work/Corep-engine-community/Corep-engine-community/.git/worktrees/*.path /home/runner/work/_temp/git-credentials-74f2bca1-e580-4eeb-9de1-89b090dc2c72.config
static-and-tests (3.9)	Post Run actions/checkout@df4cb1c069e1874edd31b4311f1884172cec0e10	2026-06-30T01:11:30.5489393Z [command]/usr/bin/git config --local --get-all includeif.gitdir:/github/workspace/.git.path
static-and-tests (3.9)	Post Run actions/checkout@df4cb1c069e1874edd31b4311f1884172cec0e10	2026-06-30T01:11:30.5504522Z /github/runner_temp/git-credentials-74f2bca1-e580-4eeb-9de1-89b090dc2c72.config
static-and-tests (3.9)	Post Run actions/checkout@df4cb1c069e1874edd31b4311f1884172cec0e10	2026-06-30T01:11:30.5512882Z [command]/usr/bin/git config --local --unset includeif.gitdir:/github/workspace/.git.path /github/runner_temp/git-credentials-74f2bca1-e580-4eeb-9de1-89b090dc2c72.config
static-and-tests (3.9)	Post Run actions/checkout@df4cb1c069e1874edd31b4311f1884172cec0e10	2026-06-30T01:11:30.5544476Z [command]/usr/bin/git config --local --get-all includeif.gitdir:/github/workspace/.git/worktrees/*.path
static-and-tests (3.9)	Post Run actions/checkout@df4cb1c069e1874edd31b4311f1884172cec0e10	2026-06-30T01:11:30.5565660Z /github/runner_temp/git-credentials-74f2bca1-e580-4eeb-9de1-89b090dc2c72.config
static-and-tests (3.9)	Post Run actions/checkout@df4cb1c069e1874edd31b4311f1884172cec0e10	2026-06-30T01:11:30.5575265Z [command]/usr/bin/git config --local --unset includeif.gitdir:/github/workspace/.git/worktrees/*.path /github/runner_temp/git-credentials-74f2bca1-e580-4eeb-9de1-89b090dc2c72.config
static-and-tests (3.9)	Post Run actions/checkout@df4cb1c069e1874edd31b4311f1884172cec0e10	2026-06-30T01:11:30.5609214Z [command]/usr/bin/git submodule foreach --recursive git config --local --show-origin --name-only --get-regexp remote.origin.url
static-and-tests (3.9)	Post Run actions/checkout@df4cb1c069e1874edd31b4311f1884172cec0e10	2026-06-30T01:11:30.5833934Z Removing credentials config '/home/runner/work/_temp/git-credentials-74f2bca1-e580-4eeb-9de1-89b090dc2c72.config'
static-and-tests (3.9)	Complete job	﻿2026-06-30T01:11:30.5988656Z Cleaning up orphan processes
